{"error":"there does not seem to be cgroups v1 in /sys/fs/cgroup (the memory controller is missing)","level":"warn","msg":"cgroups v1 not available: only POSIX limits are applied","ts":"2026-09-17T08:06:22.120528294Z"}
{"applied_mb":3198,"level":"warn","msg":"raising the sandbox memory limit","requested_mb":256,"ts":"2026-09-17T08:06:22.12058727Z"}
{"cgroups":false,"chroot":false,"directory":"/home/madkoding/proyectos/starlight/internal/app/workspace/automation","level":"info","limits":true,"msg":"sandbox ready","not_applied":"cgroups v1: there does not seem to be cgroups v1 in /sys/fs/cgroup (the memory controller is missing) | memory_mb: applying 3198 MB instead of 256 because the process launching the sandbox already uses that address space","ts":"2026-09-17T08:06:22.120598194Z"}
{"error":"there does not seem to be cgroups v1 in /sys/fs/cgroup (the memory controller is missing)","level":"warn","msg":"cgroups v1 not available: only POSIX limits are applied","ts":"2026-09-17T08:06:34.427432554Z"}
{"applied_mb":3198,"level":"warn","msg":"raising the sandbox memory limit","requested_mb":256,"ts":"2026-09-17T08:06:34.427499466Z"}
{"cgroups":false,"chroot":false,"directory":"/home/madkoding/proyectos/starlight/internal/app/workspace/automation","level":"info","limits":true,"msg":"sandbox ready","not_applied":"cgroups v1: there does not seem to be cgroups v1 in /sys/fs/cgroup (the memory controller is missing) | memory_mb: applying 3198 MB instead of 256 because the process launching the sandbox already uses that address space","ts":"2026-09-17T08:06:34.427510833Z"}
{"error":"there does not seem to be cgroups v1 in /sys/fs/cgroup (the memory controller is missing)","level":"warn","msg":"cgroups v1 not available: only POSIX limits are applied","ts":"2026-09-17T08:10:03.385197381Z"}
{"applied_mb":3198,"level":"warn","msg":"raising the sandbox memory limit","requested_mb":256,"ts":"2026-09-17T08:10:03.385249611Z"}
{"cgroups":false,"chroot":false,"directory":"/home/madkoding/proyectos/starlight/internal/app/workspace/automation","level":"info","limits":true,"msg":"sandbox ready","not_applied":"cgroups v1: there does not seem to be cgroups v1 in /sys/fs/cgroup (the memory controller is missing) | memory_mb: applying 3198 MB instead of 256 because the process launching the sandbox already uses that address space","ts":"2026-09-17T08:10:03.385259482Z"}
{"error":"there does not seem to be cgroups v1 in /sys/fs/cgroup (the memory controller is missing)","level":"warn","msg":"cgroups v1 not available: only POSIX limits are applied","ts":"2026-09-17T08:10:33.198585411Z"}
{"applied_mb":3198,"level":"warn","msg":"raising the sandbox memory limit","requested_mb":256,"ts":"2026-09-17T08:10:33.198643794Z"}
{"cgroups":false,"chroot":false,"directory":"/home/madkoding/proyectos/starlight/internal/app/workspace/automation","level":"info","limits":true,"msg":"sandbox ready","not_applied":"cgroups v1: there does not seem to be cgroups v1 in /sys/fs/cgroup (the memory controller is missing) | memory_mb: applying 3198 MB instead of 256 because the process launching the sandbox already uses that address space","ts":"2026-09-17T08:10:33.19865587Z"}
{"error":"there does not seem to be cgroups v1 in /sys/fs/cgroup (the memory controller is missing)","level":"warn","msg":"cgroups v1 not available: only POSIX limits are applied","ts":"2026-09-17T08:29:42.298538236Z"}
{"applied_mb":3198,"level":"warn","msg":"raising the sandbox memory limit","requested_mb":256,"ts":"2026-09-17T08:29:42.298607473Z"}
{"cgroups":false,"chroot":false,"directory":"/home/madkoding/proyectos/starlight/internal/app/workspace/automation","level":"info","limits":true,"msg":"sandbox ready","not_applied":"cgroups v1: there does not seem to be cgroups v1 in /sys/fs/cgroup (the memory controller is missing) | memory_mb: applying 3198 MB instead of 256 because the process launching the sandbox already uses that address space","ts":"2026-09-17T08:29:42.298619202Z"}
{"error":"there does not seem to be cgroups v1 in /sys/fs/cgroup (the memory controller is missing)","level":"warn","msg":"cgroups v1 not available: only POSIX limits are applied","ts":"2026-09-17T05:29:55.105737961-03:00"}
{"applied_mb":3198,"level":"warn","msg":"raising the sandbox memory limit","requested_mb":256,"ts":"2026-09-17T05:29:55.105795979-03:00"}
{"cgroups":false,"chroot":false,"directory":"/home/madkoding/proyectos/starlight/internal/app/workspace/automation","level":"info","limits":true,"msg":"sandbox ready","not_applied":"cgroups v1: there does not seem to be cgroups v1 in /sys/fs/cgroup (the memory controller is missing) | memory_mb: applying 3198 MB instead of 256 because the process launching the sandbox already uses that address space","ts":"2026-09-17T05:29:55.105807154-03:00"}
{"error":"there does not seem to be cgroups v1 in /sys/fs/cgroup (the memory controller is missing)","level":"warn","msg":"cgroups v1 not available: only POSIX limits are applied","ts":"2026-09-17T05:30:10.772577096-03:00"}
{"applied_mb":3198,"level":"warn","msg":"raising the sandbox memory limit","requested_mb":256,"ts":"2026-09-17T05:30:10.772628611-03:00"}
{"cgroups":false,"chroot":false,"directory":"/home/madkoding/proyectos/starlight/internal/app/workspace/automation","level":"info","limits":true,"msg":"sandbox ready","not_applied":"cgroups v1: there does not seem to be cgroups v1 in /sys/fs/cgroup (the memory controller is missing) | memory_mb: applying 3198 MB instead of 256 because the process launching the sandbox already uses that address space","ts":"2026-09-17T05:30:10.772639802-03:00"}
{"error":"there does not seem to be cgroups v1 in /sys/fs/cgroup (the memory controller is missing)","level":"warn","msg":"cgroups v1 not available: only POSIX limits are applied","ts":"2026-09-17T05:30:26.214404352-03:00"}
{"applied_mb":3200,"level":"warn","msg":"raising the sandbox memory limit","requested_mb":256,"ts":"2026-09-17T05:30:26.2144555-03:00"}
{"cgroups":false,"chroot":false,"directory":"/home/madkoding/proyectos/starlight/internal/app/workspace/automation","level":"info","limits":true,"msg":"sandbox ready","not_applied":"cgroups v1: there does not seem to be cgroups v1 in /sys/fs/cgroup (the memory controller is missing) | memory_mb: applying 3200 MB instead of 256 because the process launching the sandbox already uses that address space","ts":"2026-09-17T05:30:26.214466607-03:00"}
{"error":"there does not seem to be cgroups v1 in /sys/fs/cgroup (the memory controller is missing)","level":"warn","msg":"cgroups v1 not available: only POSIX limits are applied","ts":"2026-09-17T08:30:53.611501921Z"}
{"applied_mb":3198,"level":"warn","msg":"raising the sandbox memory limit","requested_mb":256,"ts":"2026-09-17T08:30:53.611562943Z"}
{"cgroups":false,"chroot":false,"directory":"/home/madkoding/proyectos/starlight/internal/app/workspace/automation","level":"info","limits":true,"msg":"sandbox ready","not_applied":"cgroups v1: there does not seem to be cgroups v1 in /sys/fs/cgroup (the memory controller is missing) | memory_mb: applying 3198 MB instead of 256 because the process launching the sandbox already uses that address space","ts":"2026-09-17T08:30:53.61157542Z"}
{"error":"there does not seem to be cgroups v1 in /sys/fs/cgroup (the memory controller is missing)","level":"warn","msg":"cgroups v1 not available: only POSIX limits are applied","ts":"2026-09-17T08:36:34.919852203Z"}
{"applied_mb":3198,"level":"warn","msg":"raising the sandbox memory limit","requested_mb":256,"ts":"2026-09-17T08:36:34.919911422Z"}
{"cgroups":false,"chroot":false,"directory":"/home/madkoding/proyectos/starlight/internal/app/workspace/automation","level":"info","limits":true,"msg":"sandbox ready","not_applied":"cgroups v1: there does not seem to be cgroups v1 in /sys/fs/cgroup (the memory controller is missing) | memory_mb: applying 3198 MB instead of 256 because the process launching the sandbox already uses that address space","ts":"2026-09-17T08:36:34.91992635Z"}
{"error":"there does not seem to be cgroups v1 in /sys/fs/cgroup (the memory controller is missing)","level":"warn","msg":"cgroups v1 not available: only POSIX limits are applied","ts":"2026-09-17T08:41:37.091910397Z"}
{"applied_mb":3198,"level":"warn","msg":"raising the sandbox memory limit","requested_mb":256,"ts":"2026-09-17T08:41:37.091999806Z"}
{"cgroups":false,"chroot":false,"directory":"/home/madkoding/proyectos/starlight/internal/app/workspace/automation","level":"info","limits":true,"msg":"sandbox ready","not_applied":"cgroups v1: there does not seem to be cgroups v1 in /sys/fs/cgroup (the memory controller is missing) | memory_mb: applying 3198 MB instead of 256 because the process launching the sandbox already uses that address space","ts":"2026-09-17T08:41:37.092016626Z"}
{"error":"there does not seem to be cgroups v1 in /sys/fs/cgroup (the memory controller is missing)","level":"warn","msg":"cgroups v1 not available: only POSIX limits are applied","ts":"2026-09-17T05:42:00.022392615-03:00"}
{"applied_mb":3198,"level":"warn","msg":"raising the sandbox memory limit","requested_mb":256,"ts":"2026-09-17T05:42:00.022447148-03:00"}
{"cgroups":false,"chroot":false,"directory":"/home/madkoding/proyectos/starlight/internal/app/workspace/automation","level":"info","limits":true,"msg":"sandbox ready","not_applied":"cgroups v1: there does not seem to be cgroups v1 in /sys/fs/cgroup (the memory controller is missing) | memory_mb: applying 3198 MB instead of 256 because the process launching the sandbox already uses that address space","ts":"2026-09-17T05:42:00.022458967-03:00"}
{"error":"there does not seem to be cgroups v1 in /sys/fs/cgroup (the memory controller is missing)","level":"warn","msg":"cgroups v1 not available: only POSIX limits are applied","ts":"2026-09-17T05:42:13.521571149-03:00"}
{"applied_mb":3198,"level":"warn","msg":"raising the sandbox memory limit","requested_mb":256,"ts":"2026-09-17T05:42:13.521633615-03:00"}
{"cgroups":false,"chroot":false,"directory":"/home/madkoding/proyectos/starlight/internal/app/workspace/automation","level":"info","limits":true,"msg":"sandbox ready","not_applied":"cgroups v1: there does not seem to be cgroups v1 in /sys/fs/cgroup (the memory controller is missing) | memory_mb: applying 3198 MB instead of 256 because the process launching the sandbox already uses that address space","ts":"2026-09-17T05:42:13.521667935-03:00"}
{"error":"there does not seem to be cgroups v1 in /sys/fs/cgroup (the memory controller is missing)","level":"warn","msg":"cgroups v1 not available: only POSIX limits are applied","ts":"2026-09-17T05:42:30.184179951-03:00"}
{"applied_mb":3198,"level":"warn","msg":"raising the sandbox memory limit","requested_mb":256,"ts":"2026-09-17T05:42:30.184236647-03:00"}
{"cgroups":false,"chroot":false,"directory":"/home/madkoding/proyectos/starlight/internal/app/workspace/automation","level":"info","limits":true,"msg":"sandbox ready","not_applied":"cgroups v1: there does not seem to be cgroups v1 in /sys/fs/cgroup (the memory controller is missing) | memory_mb: applying 3198 MB instead of 256 because the process launching the sandbox already uses that address space","ts":"2026-09-17T05:42:30.18424691-03:00"}
{"error":"there does not seem to be cgroups v1 in /sys/fs/cgroup (the memory controller is missing)","level":"warn","msg":"cgroups v1 not available: only POSIX limits are applied","ts":"2026-09-17T05:42:49.152307557-03:00"}
{"applied_mb":3198,"level":"warn","msg":"raising the sandbox memory limit","requested_mb":256,"ts":"2026-09-17T05:42:49.152376101-03:00"}
{"cgroups":false,"chroot":false,"directory":"/home/madkoding/proyectos/starlight/internal/app/workspace/automation","level":"info","limits":true,"msg":"sandbox ready","not_applied":"cgroups v1: there does not seem to be cgroups v1 in /sys/fs/cgroup (the memory controller is missing) | memory_mb: applying 3198 MB instead of 256 because the process launching the sandbox already uses that address space","ts":"2026-09-17T05:42:49.152390527-03:00"}
{"error":"there does not seem to be cgroups v1 in /sys/fs/cgroup (the memory controller is missing)","level":"warn","msg":"cgroups v1 not available: only POSIX limits are applied","ts":"2026-09-17T08:45:28.539795977Z"}
{"applied_mb":3342,"level":"warn","msg":"raising the sandbox memory limit","requested_mb":256,"ts":"2026-09-17T08:45:28.539857057Z"}
{"cgroups":false,"chroot":false,"directory":"/home/madkoding/proyectos/starlight/internal/app/workspace/automation","level":"info","limits":true,"msg":"sandbox ready","not_applied":"cgroups v1: there does not seem to be cgroups v1 in /sys/fs/cgroup (the memory controller is missing) | memory_mb: applying 3342 MB instead of 256 because the process launching the sandbox already uses that address space","ts":"2026-09-17T08:45:28.539872619Z"}
{"error":"there does not seem to be cgroups v1 in /sys/fs/cgroup (the memory controller is missing)","level":"warn","msg":"cgroups v1 not available: only POSIX limits are applied","ts":"2026-09-17T08:45:50.777986014Z"}
{"applied_mb":3198,"level":"warn","msg":"raising the sandbox memory limit","requested_mb":256,"ts":"2026-09-17T08:45:50.778057884Z"}
{"cgroups":false,"chroot":false,"directory":"/home/madkoding/proyectos/starlight/internal/app/workspace/automation","level":"info","limits":true,"msg":"sandbox ready","not_applied":"cgroups v1: there does not seem to be cgroups v1 in /sys/fs/cgroup (the memory controller is missing) | memory_mb: applying 3198 MB instead of 256 because the process launching the sandbox already uses that address space","ts":"2026-09-17T08:45:50.778069186Z"}
{"error":"there does not seem to be cgroups v1 in /sys/fs/cgroup (the memory controller is missing)","level":"warn","msg":"cgroups v1 not available: only POSIX limits are applied","ts":"2026-09-17T09:02:54.97112184Z"}
{"applied_mb":3836,"level":"warn","msg":"raising the sandbox memory limit","requested_mb":256,"ts":"2026-09-17T09:02:54.971303586Z"}
{"cgroups":false,"chroot":false,"directory":"/home/madkoding/proyectos/starlight/internal/app/workspace/automation","level":"info","limits":true,"msg":"sandbox ready","not_applied":"cgroups v1: there does not seem to be cgroups v1 in /sys/fs/cgroup (the memory controller is missing) | memory_mb: applying 3836 MB instead of 256 because the process launching the sandbox already uses that address space","ts":"2026-09-17T09:02:54.971373927Z"}
{"error":"there does not seem to be cgroups v1 in /sys/fs/cgroup (the memory controller is missing)","level":"warn","msg":"cgroups v1 not available: only POSIX limits are applied","ts":"2026-09-17T09:03:12.185585646Z"}
{"applied_mb":3954,"level":"warn","msg":"raising the sandbox memory limit","requested_mb":256,"ts":"2026-09-17T09:03:12.185817939Z"}
{"cgroups":false,"chroot":false,"directory":"/home/madkoding/proyectos/starlight/internal/app/workspace/automation","level":"info","limits":true,"msg":"sandbox ready","not_applied":"cgroups v1: there does not seem to be cgroups v1 in /sys/fs/cgroup (the memory controller is missing) | memory_mb: applying 3954 MB instead of 256 because the process launching the sandbox already uses that address space","ts":"2026-09-17T09:03:12.185909123Z"}
{"error":"there does not seem to be cgroups v1 in /sys/fs/cgroup (the memory controller is missing)","level":"warn","msg":"cgroups v1 not available: only POSIX limits are applied","ts":"2026-09-17T09:03:40.708813888Z"}
{"applied_mb":3980,"level":"warn","msg":"raising the sandbox memory limit","requested_mb":256,"ts":"2026-09-17T09:03:40.709043709Z"}
{"cgroups":false,"chroot":false,"directory":"/home/madkoding/proyectos/starlight/internal/app/workspace/automation","level":"info","limits":true,"msg":"sandbox ready","not_applied":"cgroups v1: there does not seem to be cgroups v1 in /sys/fs/cgroup (the memory controller is missing) | memory_mb: applying 3980 MB instead of 256 because the process launching the sandbox already uses that address space","ts":"2026-09-17T09:03:40.709125757Z"}
{"error":"there does not seem to be cgroups v1 in /sys/fs/cgroup (the memory controller is missing)","level":"warn","msg":"cgroups v1 not available: only POSIX limits are applied","ts":"2026-09-17T09:05:20.42302522Z"}
{"applied_mb":3198,"level":"warn","msg":"raising the sandbox memory limit","requested_mb":256,"ts":"2026-09-17T09:05:20.423088471Z"}
{"cgroups":false,"chroot":false,"directory":"/home/madkoding/proyectos/starlight/internal/app/workspace/automation","level":"info","limits":true,"msg":"sandbox ready","not_applied":"cgroups v1: there does not seem to be cgroups v1 in /sys/fs/cgroup (the memory controller is missing) | memory_mb: applying 3198 MB instead of 256 because the process launching the sandbox already uses that address space","ts":"2026-09-17T09:05:20.42310131Z"}
{"error":"there does not seem to be cgroups v1 in /sys/fs/cgroup (the memory controller is missing)","level":"warn","msg":"cgroups v1 not available: only POSIX limits are applied","ts":"2026-09-17T09:05:44.991497806Z"}
{"applied_mb":3198,"level":"warn","msg":"raising the sandbox memory limit","requested_mb":256,"ts":"2026-09-17T09:05:44.991569422Z"}
{"cgroups":false,"chroot":false,"directory":"/home/madkoding/proyectos/starlight/internal/app/workspace/automation","level":"info","limits":true,"msg":"sandbox ready","not_applied":"cgroups v1: there does not seem to be cgroups v1 in /sys/fs/cgroup (the memory controller is missing) | memory_mb: applying 3198 MB instead of 256 because the process launching the sandbox already uses that address space","ts":"2026-09-17T09:05:44.991580074Z"}
{"error":"there does not seem to be cgroups v1 in /sys/fs/cgroup (the memory controller is missing)","level":"warn","msg":"cgroups v1 not available: only POSIX limits are applied","ts":"2026-09-17T09:06:33.692072343Z"}
{"applied_mb":3954,"level":"warn","msg":"raising the sandbox memory limit","requested_mb":256,"ts":"2026-09-17T09:06:33.692315601Z"}
{"cgroups":false,"chroot":false,"directory":"/home/madkoding/proyectos/starlight/internal/app/workspace/automation","level":"info","limits":true,"msg":"sandbox ready","not_applied":"cgroups v1: there does not seem to be cgroups v1 in /sys/fs/cgroup (the memory controller is missing) | memory_mb: applying 3954 MB instead of 256 because the process launching the sandbox already uses that address space","ts":"2026-09-17T09:06:33.692422612Z"}
{"error":"there does not seem to be cgroups v1 in /sys/fs/cgroup (the memory controller is missing)","level":"warn","msg":"cgroups v1 not available: only POSIX limits are applied","ts":"2026-09-17T09:06:50.065311371Z"}
{"applied_mb":3198,"level":"warn","msg":"raising the sandbox memory limit","requested_mb":256,"ts":"2026-09-17T09:06:50.065372612Z"}
{"cgroups":false,"chroot":false,"directory":"/home/madkoding/proyectos/starlight/internal/app/workspace/automation","level":"info","limits":true,"msg":"sandbox ready","not_applied":"cgroups v1: there does not seem to be cgroups v1 in /sys/fs/cgroup (the memory controller is missing) | memory_mb: applying 3198 MB instead of 256 because the process launching the sandbox already uses that address space","ts":"2026-09-17T09:06:50.065385886Z"}
{"error":"there does not seem to be cgroups v1 in /sys/fs/cgroup (the memory controller is missing)","level":"warn","msg":"cgroups v1 not available: only POSIX limits are applied","ts":"2026-09-17T09:07:21.023591252Z"}
{"applied_mb":3836,"level":"warn","msg":"raising the sandbox memory limit","requested_mb":256,"ts":"2026-09-17T09:07:21.023823058Z"}
{"cgroups":false,"chroot":false,"directory":"/home/madkoding/proyectos/starlight/internal/app/workspace/automation","level":"info","limits":true,"msg":"sandbox ready","not_applied":"cgroups v1: there does not seem to be cgroups v1 in /sys/fs/cgroup (the memory controller is missing) | memory_mb: applying 3836 MB instead of 256 because the process launching the sandbox already uses that address space","ts":"2026-09-17T09:07:21.023906796Z"}
{"error":"there does not seem to be cgroups v1 in /sys/fs/cgroup (the memory controller is missing)","level":"warn","msg":"cgroups v1 not available: only POSIX limits are applied","ts":"2026-09-17T09:09:05.172294862Z"}
{"applied_mb":3198,"level":"warn","msg":"raising the sandbox memory limit","requested_mb":256,"ts":"2026-09-17T09:09:05.172355822Z"}
{"cgroups":false,"chroot":false,"directory":"/home/madkoding/proyectos/starlight/internal/app/workspace/automation","level":"info","limits":true,"msg":"sandbox ready","not_applied":"cgroups v1: there does not seem to be cgroups v1 in /sys/fs/cgroup (the memory controller is missing) | memory_mb: applying 3198 MB instead of 256 because the process launching the sandbox already uses that address space","ts":"2026-09-17T09:09:05.17236886Z"}
{"error":"there does not seem to be cgroups v1 in /sys/fs/cgroup (the memory controller is missing)","level":"warn","msg":"cgroups v1 not available: only POSIX limits are applied","ts":"2026-09-17T09:09:25.417098169Z"}
{"applied_mb":3198,"level":"warn","msg":"raising the sandbox memory limit","requested_mb":256,"ts":"2026-09-17T09:09:25.417155323Z"}
{"cgroups":false,"chroot":false,"directory":"/home/madkoding/proyectos/starlight/internal/app/workspace/automation","level":"info","limits":true,"msg":"sandbox ready","not_applied":"cgroups v1: there does not seem to be cgroups v1 in /sys/fs/cgroup (the memory controller is missing) | memory_mb: applying 3198 MB instead of 256 because the process launching the sandbox already uses that address space","ts":"2026-09-17T09:09:25.417169607Z"}
{"error":"there does not seem to be cgroups v1 in /sys/fs/cgroup (the memory controller is missing)","level":"warn","msg":"cgroups v1 not available: only POSIX limits are applied","ts":"2026-09-17T09:10:38.199321723Z"}
{"applied_mb":3198,"level":"warn","msg":"raising the sandbox memory limit","requested_mb":256,"ts":"2026-09-17T09:10:38.199381428Z"}
{"cgroups":false,"chroot":false,"directory":"/home/madkoding/proyectos/starlight/internal/app/workspace/automation","level":"info","limits":true,"msg":"sandbox ready","not_applied":"cgroups v1: there does not seem to be cgroups v1 in /sys/fs/cgroup (the memory controller is missing) | memory_mb: applying 3198 MB instead of 256 because the process launching the sandbox already uses that address space","ts":"2026-09-17T09:10:38.199394444Z"}
{"error":"there does not seem to be cgroups v1 in /sys/fs/cgroup (the memory controller is missing)","level":"warn","msg":"cgroups v1 not available: only POSIX limits are applied","ts":"2026-09-17T09:11:05.495124328Z"}
{"applied_mb":3954,"level":"warn","msg":"raising the sandbox memory limit","requested_mb":256,"ts":"2026-09-17T09:11:05.495272275Z"}
{"cgroups":false,"chroot":false,"directory":"/home/madkoding/proyectos/starlight/internal/app/workspace/automation","level":"info","limits":true,"msg":"sandbox ready","not_applied":"cgroups v1: there does not seem to be cgroups v1 in /sys/fs/cgroup (the memory controller is missing) | memory_mb: applying 3954 MB instead of 256 because the process launching the sandbox already uses that address space","ts":"2026-09-17T09:11:05.495344382Z"}
{"error":"there does not seem to be cgroups v1 in /sys/fs/cgroup (the memory controller is missing)","level":"warn","msg":"cgroups v1 not available: only POSIX limits are applied","ts":"2026-09-17T09:11:22.759154979Z"}
{"applied_mb":3198,"level":"warn","msg":"raising the sandbox memory limit","requested_mb":256,"ts":"2026-09-17T09:11:22.759223272Z"}
{"cgroups":false,"chroot":false,"directory":"/home/madkoding/proyectos/starlight/internal/app/workspace/automation","level":"info","limits":true,"msg":"sandbox ready","not_applied":"cgroups v1: there does not seem to be cgroups v1 in /sys/fs/cgroup (the memory controller is missing) | memory_mb: applying 3198 MB instead of 256 because the process launching the sandbox already uses that address space","ts":"2026-09-17T09:11:22.759237807Z"}
{"error":"there does not seem to be cgroups v1 in /sys/fs/cgroup (the memory controller is missing)","level":"warn","msg":"cgroups v1 not available: only POSIX limits are applied","ts":"2026-09-17T09:11:42.158567834Z"}
{"applied_mb":3198,"level":"warn","msg":"raising the sandbox memory limit","requested_mb":256,"ts":"2026-09-17T09:11:42.158623248Z"}
{"cgroups":false,"chroot":false,"directory":"/home/madkoding/proyectos/starlight/internal/app/workspace/automation","level":"info","limits":true,"msg":"sandbox ready","not_applied":"cgroups v1: there does not seem to be cgroups v1 in /sys/fs/cgroup (the memory controller is missing) | memory_mb: applying 3198 MB instead of 256 because the process launching the sandbox already uses that address space","ts":"2026-09-17T09:11:42.158635439Z"}
{"error":"there does not seem to be cgroups v1 in /sys/fs/cgroup (the memory controller is missing)","level":"warn","msg":"cgroups v1 not available: only POSIX limits are applied","ts":"2026-09-17T09:13:01.676168817Z"}
{"applied_mb":4098,"level":"warn","msg":"raising the sandbox memory limit","requested_mb":256,"ts":"2026-09-17T09:13:01.676346405Z"}
{"cgroups":false,"chroot":false,"directory":"/home/madkoding/proyectos/starlight/internal/app/workspace/automation","level":"info","limits":true,"msg":"sandbox ready","not_applied":"cgroups v1: there does not seem to be cgroups v1 in /sys/fs/cgroup (the memory controller is missing) | memory_mb: applying 4098 MB instead of 256 because the process launching the sandbox already uses that address space","ts":"2026-09-17T09:13:01.676403376Z"}
{"error":"there does not seem to be cgroups v1 in /sys/fs/cgroup (the memory controller is missing)","level":"warn","msg":"cgroups v1 not available: only POSIX limits are applied","ts":"2026-09-17T09:13:20.446327187Z"}
{"applied_mb":3198,"level":"warn","msg":"raising the sandbox memory limit","requested_mb":256,"ts":"2026-09-17T09:13:20.446401515Z"}
{"cgroups":false,"chroot":false,"directory":"/home/madkoding/proyectos/starlight/internal/app/workspace/automation","level":"info","limits":true,"msg":"sandbox ready","not_applied":"cgroups v1: there does not seem to be cgroups v1 in /sys/fs/cgroup (the memory controller is missing) | memory_mb: applying 3198 MB instead of 256 because the process launching the sandbox already uses that address space","ts":"2026-09-17T09:13:20.44641563Z"}
{"error":"there does not seem to be cgroups v1 in /sys/fs/cgroup (the memory controller is missing)","level":"warn","msg":"cgroups v1 not available: only POSIX limits are applied","ts":"2026-09-17T09:13:39.51216346Z"}
{"applied_mb":3198,"level":"warn","msg":"raising the sandbox memory limit","requested_mb":256,"ts":"2026-09-17T09:13:39.512224311Z"}
{"cgroups":false,"chroot":false,"directory":"/home/madkoding/proyectos/starlight/internal/app/workspace/automation","level":"info","limits":true,"msg":"sandbox ready","not_applied":"cgroups v1: there does not seem to be cgroups v1 in /sys/fs/cgroup (the memory controller is missing) | memory_mb: applying 3198 MB instead of 256 because the process launching the sandbox already uses that address space","ts":"2026-09-17T09:13:39.512242495Z"}
{"error":"there does not seem to be cgroups v1 in /sys/fs/cgroup (the memory controller is missing)","level":"warn","msg":"cgroups v1 not available: only POSIX limits are applied","ts":"2026-09-17T09:18:50.243195731Z"}
{"applied_mb":3326,"level":"warn","msg":"raising the sandbox memory limit","requested_mb":256,"ts":"2026-09-17T09:18:50.243259446Z"}
{"cgroups":false,"chroot":false,"directory":"/home/madkoding/proyectos/starlight/internal/app/workspace/automation","level":"info","limits":true,"msg":"sandbox ready","not_applied":"cgroups v1: there does not seem to be cgroups v1 in /sys/fs/cgroup (the memory controller is missing) | memory_mb: applying 3326 MB instead of 256 because the process launching the sandbox already uses that address space","ts":"2026-09-17T09:18:50.243272216Z"}
{"error":"there does not seem to be cgroups v1 in /sys/fs/cgroup (the memory controller is missing)","level":"warn","msg":"cgroups v1 not available: only POSIX limits are applied","ts":"2026-09-17T09:19:10.789904094Z"}
{"applied_mb":3198,"level":"warn","msg":"raising the sandbox memory limit","requested_mb":256,"ts":"2026-09-17T09:19:10.789978019Z"}
{"cgroups":false,"chroot":false,"directory":"/home/madkoding/proyectos/starlight/internal/app/workspace/automation","level":"info","limits":true,"msg":"sandbox ready","not_applied":"cgroups v1: there does not seem to be cgroups v1 in /sys/fs/cgroup (the memory controller is missing) | memory_mb: applying 3198 MB instead of 256 because the process launching the sandbox already uses that address space","ts":"2026-09-17T09:19:10.789991786Z"}
{"error":"there does not seem to be cgroups v1 in /sys/fs/cgroup (the memory controller is missing)","level":"warn","msg":"cgroups v1 not available: only POSIX limits are applied","ts":"2026-09-17T09:19:35.806068768Z"}
{"applied_mb":3836,"level":"warn","msg":"raising the sandbox memory limit","requested_mb":256,"ts":"2026-09-17T09:19:35.806211562Z"}
{"cgroups":false,"chroot":false,"directory":"/home/madkoding/proyectos/starlight/internal/app/workspace/automation","level":"info","limits":true,"msg":"sandbox ready","not_applied":"cgroups v1: there does not seem to be cgroups v1 in /sys/fs/cgroup (the memory controller is missing) | memory_mb: applying 3836 MB instead of 256 because the process launching the sandbox already uses that address space","ts":"2026-09-17T09:19:35.806269366Z"}
{"error":"there does not seem to be cgroups v1 in /sys/fs/cgroup (the memory controller is missing)","level":"warn","msg":"cgroups v1 not available: only POSIX limits are applied","ts":"2026-09-17T09:19:53.933921849Z"}
{"applied_mb":3326,"level":"warn","msg":"raising the sandbox memory limit","requested_mb":256,"ts":"2026-09-17T09:19:53.933982409Z"}
{"cgroups":false,"chroot":false,"directory":"/home/madkoding/proyectos/starlight/internal/app/workspace/automation","level":"info","limits":true,"msg":"sandbox ready","not_applied":"cgroups v1: there does not seem to be cgroups v1 in /sys/fs/cgroup (the memory controller is missing) | memory_mb: applying 3326 MB instead of 256 because the process launching the sandbox already uses that address space","ts":"2026-09-17T09:19:53.933993645Z"}
{"error":"there does not seem to be cgroups v1 in /sys/fs/cgroup (the memory controller is missing)","level":"warn","msg":"cgroups v1 not available: only POSIX limits are applied","ts":"2026-09-17T09:20:12.694339375Z"}
{"applied_mb":3198,"level":"warn","msg":"raising the sandbox memory limit","requested_mb":256,"ts":"2026-09-17T09:20:12.694399181Z"}
{"cgroups":false,"chroot":false,"directory":"/home/madkoding/proyectos/starlight/internal/app/workspace/automation","level":"info","limits":true,"msg":"sandbox ready","not_applied":"cgroups v1: there does not seem to be cgroups v1 in /sys/fs/cgroup (the memory controller is missing) | memory_mb: applying 3198 MB instead of 256 because the process launching the sandbox already uses that address space","ts":"2026-09-17T09:20:12.694411938Z"}
