{"error":"no parece haber cgroups v1 en /sys/fs/cgroup (falta el controlador memory)","msg":"cgroups v1 no disponibles: se aplican sólo límites POSIX","nivel":"warn","ts":"2026-09-17T05:46:45.667841871Z"}
{"aplicado_mb":3198,"msg":"se eleva el límite de memoria del sandbox","nivel":"warn","solicitado_mb":512,"ts":"2026-09-17T05:46:45.667999967Z"}
{"cgroups":false,"chroot":false,"directorio":"/home/madkoding/proyectos/starlight/internal/app/workspace","limites":true,"msg":"sandbox preparado","nivel":"info","sin_aplicar":"cgroups v1: no parece haber cgroups v1 en /sys/fs/cgroup (falta el controlador memory) | memoria_mb: se aplica 3198 MB en lugar de 512 porque el proceso que lanza el sandbox ya usa ese espacio de direcciones","ts":"2026-09-17T05:46:45.668030532Z"}
{"error":"no parece haber cgroups v1 en /sys/fs/cgroup (falta el controlador memory)","msg":"cgroups v1 no disponibles: se aplican sólo límites POSIX","nivel":"warn","ts":"2026-09-17T05:46:54.997082755Z"}
{"aplicado_mb":3198,"msg":"se eleva el límite de memoria del sandbox","nivel":"warn","solicitado_mb":512,"ts":"2026-09-17T05:46:54.997515069Z"}
{"cgroups":false,"chroot":false,"directorio":"/home/madkoding/proyectos/starlight/internal/app/workspace","limites":true,"msg":"sandbox preparado","nivel":"info","sin_aplicar":"cgroups v1: no parece haber cgroups v1 en /sys/fs/cgroup (falta el controlador memory) | memoria_mb: se aplica 3198 MB en lugar de 512 porque el proceso que lanza el sandbox ya usa ese espacio de direcciones","ts":"2026-09-17T05:46:54.997545563Z"}
{"error":"no parece haber cgroups v1 en /sys/fs/cgroup (falta el controlador memory)","msg":"cgroups v1 no disponibles: se aplican sólo límites POSIX","nivel":"warn","ts":"2026-09-17T05:47:03.790330757Z"}
{"aplicado_mb":3198,"msg":"se eleva el límite de memoria del sandbox","nivel":"warn","solicitado_mb":512,"ts":"2026-09-17T05:47:03.790509972Z"}
{"cgroups":false,"chroot":false,"directorio":"/home/madkoding/proyectos/starlight/internal/app/workspace","limites":true,"msg":"sandbox preparado","nivel":"info","sin_aplicar":"cgroups v1: no parece haber cgroups v1 en /sys/fs/cgroup (falta el controlador memory) | memoria_mb: se aplica 3198 MB en lugar de 512 porque el proceso que lanza el sandbox ya usa ese espacio de direcciones","ts":"2026-09-17T05:47:03.790537103Z"}
{"error":"no parece haber cgroups v1 en /sys/fs/cgroup (falta el controlador memory)","msg":"cgroups v1 no disponibles: se aplican sólo límites POSIX","nivel":"warn","ts":"2026-09-17T05:47:22.55820769Z"}
{"aplicado_mb":3198,"msg":"se eleva el límite de memoria del sandbox","nivel":"warn","solicitado_mb":512,"ts":"2026-09-17T05:47:22.55837188Z"}
{"cgroups":false,"chroot":false,"directorio":"/home/madkoding/proyectos/starlight/internal/app/workspace","limites":true,"msg":"sandbox preparado","nivel":"info","sin_aplicar":"cgroups v1: no parece haber cgroups v1 en /sys/fs/cgroup (falta el controlador memory) | memoria_mb: se aplica 3198 MB en lugar de 512 porque el proceso que lanza el sandbox ya usa ese espacio de direcciones","ts":"2026-09-17T05:47:22.558394969Z"}
{"error":"no parece haber cgroups v1 en /sys/fs/cgroup (falta el controlador memory)","msg":"cgroups v1 no disponibles: se aplican sólo límites POSIX","nivel":"warn","ts":"2026-09-17T05:48:49.117601752Z"}
{"aplicado_mb":3198,"msg":"se eleva el límite de memoria del sandbox","nivel":"warn","solicitado_mb":512,"ts":"2026-09-17T05:48:49.117760919Z"}
{"cgroups":false,"chroot":false,"directorio":"/home/madkoding/proyectos/starlight/internal/app/workspace","limites":true,"msg":"sandbox preparado","nivel":"info","sin_aplicar":"cgroups v1: no parece haber cgroups v1 en /sys/fs/cgroup (falta el controlador memory) | memoria_mb: se aplica 3198 MB en lugar de 512 porque el proceso que lanza el sandbox ya usa ese espacio de direcciones","ts":"2026-09-17T05:48:49.117787578Z"}
{"error":"no parece haber cgroups v1 en /sys/fs/cgroup (falta el controlador memory)","msg":"cgroups v1 no disponibles: se aplican sólo límites POSIX","nivel":"warn","ts":"2026-09-17T05:49:10.501444628Z"}
{"aplicado_mb":3198,"msg":"se eleva el límite de memoria del sandbox","nivel":"warn","solicitado_mb":512,"ts":"2026-09-17T05:49:10.501900063Z"}
{"cgroups":false,"chroot":false,"directorio":"/home/madkoding/proyectos/starlight/internal/app/workspace","limites":true,"msg":"sandbox preparado","nivel":"info","sin_aplicar":"cgroups v1: no parece haber cgroups v1 en /sys/fs/cgroup (falta el controlador memory) | memoria_mb: se aplica 3198 MB en lugar de 512 porque el proceso que lanza el sandbox ya usa ese espacio de direcciones","ts":"2026-09-17T05:49:10.501950591Z"}
{"error":"no parece haber cgroups v1 en /sys/fs/cgroup (falta el controlador memory)","msg":"cgroups v1 no disponibles: se aplican sólo límites POSIX","nivel":"warn","ts":"2026-09-17T05:49:24.017765389Z"}
{"aplicado_mb":3326,"msg":"se eleva el límite de memoria del sandbox","nivel":"warn","solicitado_mb":512,"ts":"2026-09-17T05:49:24.017985907Z"}
{"cgroups":false,"chroot":false,"directorio":"/home/madkoding/proyectos/starlight/internal/app/workspace","limites":true,"msg":"sandbox preparado","nivel":"info","sin_aplicar":"cgroups v1: no parece haber cgroups v1 en /sys/fs/cgroup (falta el controlador memory) | memoria_mb: se aplica 3326 MB en lugar de 512 porque el proceso que lanza el sandbox ya usa ese espacio de direcciones","ts":"2026-09-17T05:49:24.018031403Z"}
{"error":"no parece haber cgroups v1 en /sys/fs/cgroup (falta el controlador memory)","msg":"cgroups v1 no disponibles: se aplican sólo límites POSIX","nivel":"warn","ts":"2026-09-17T05:49:55.446367644Z"}
{"aplicado_mb":3198,"msg":"se eleva el límite de memoria del sandbox","nivel":"warn","solicitado_mb":512,"ts":"2026-09-17T05:49:55.446791658Z"}
{"cgroups":false,"chroot":false,"directorio":"/home/madkoding/proyectos/starlight/internal/app/workspace","limites":true,"msg":"sandbox preparado","nivel":"info","sin_aplicar":"cgroups v1: no parece haber cgroups v1 en /sys/fs/cgroup (falta el controlador memory) | memoria_mb: se aplica 3198 MB en lugar de 512 porque el proceso que lanza el sandbox ya usa ese espacio de direcciones","ts":"2026-09-17T05:49:55.446824313Z"}
{"error":"no parece haber cgroups v1 en /sys/fs/cgroup (falta el controlador memory)","msg":"cgroups v1 no disponibles: se aplican sólo límites POSIX","nivel":"warn","ts":"2026-09-17T05:50:01.702262751Z"}
{"aplicado_mb":3198,"msg":"se eleva el límite de memoria del sandbox","nivel":"warn","solicitado_mb":512,"ts":"2026-09-17T05:50:01.702697496Z"}
{"cgroups":false,"chroot":false,"directorio":"/home/madkoding/proyectos/starlight/internal/app/workspace","limites":true,"msg":"sandbox preparado","nivel":"info","sin_aplicar":"cgroups v1: no parece haber cgroups v1 en /sys/fs/cgroup (falta el controlador memory) | memoria_mb: se aplica 3198 MB en lugar de 512 porque el proceso que lanza el sandbox ya usa ese espacio de direcciones","ts":"2026-09-17T05:50:01.702726998Z"}
{"error":"no parece haber cgroups v1 en /sys/fs/cgroup (falta el controlador memory)","msg":"cgroups v1 no disponibles: se aplican sólo límites POSIX","nivel":"warn","ts":"2026-09-17T05:50:19.613908522Z"}
{"aplicado_mb":3326,"msg":"se eleva el límite de memoria del sandbox","nivel":"warn","solicitado_mb":512,"ts":"2026-09-17T05:50:19.614072121Z"}
{"cgroups":false,"chroot":false,"directorio":"/home/madkoding/proyectos/starlight/internal/app/workspace","limites":true,"msg":"sandbox preparado","nivel":"info","sin_aplicar":"cgroups v1: no parece haber cgroups v1 en /sys/fs/cgroup (falta el controlador memory) | memoria_mb: se aplica 3326 MB en lugar de 512 porque el proceso que lanza el sandbox ya usa ese espacio de direcciones","ts":"2026-09-17T05:50:19.614098686Z"}
{"error":"no parece haber cgroups v1 en /sys/fs/cgroup (falta el controlador memory)","msg":"cgroups v1 no disponibles: se aplican sólo límites POSIX","nivel":"warn","ts":"2026-09-17T07:41:31.551556575Z"}
{"aplicado_mb":3326,"msg":"se eleva el límite de memoria del sandbox","nivel":"warn","solicitado_mb":512,"ts":"2026-09-17T07:41:31.585030089Z"}
{"cgroups":false,"chroot":false,"directorio":"/home/madkoding/proyectos/starlight/internal/app/workspace","limites":true,"msg":"sandbox preparado","nivel":"info","sin_aplicar":"cgroups v1: no parece haber cgroups v1 en /sys/fs/cgroup (falta el controlador memory) | memoria_mb: se aplica 3326 MB en lugar de 512 porque el proceso que lanza el sandbox ya usa ese espacio de direcciones","ts":"2026-09-17T07:41:31.585067346Z"}
{"error":"there does not seem to be cgroups v1 in /sys/fs/cgroup (the memory controller is missing)","level":"warn","msg":"cgroups v1 not available: only POSIX limits are applied","ts":"2026-09-17T08:06:22.119270306Z"}
{"applied_mb":3198,"level":"warn","msg":"raising the sandbox memory limit","requested_mb":512,"ts":"2026-09-17T08:06:22.119440935Z"}
{"cgroups":false,"chroot":false,"directory":"/home/madkoding/proyectos/starlight/internal/app/workspace","level":"info","limits":true,"msg":"sandbox ready","not_applied":"cgroups v1: there does not seem to be cgroups v1 in /sys/fs/cgroup (the memory controller is missing) | memory_mb: applying 3198 MB instead of 512 because the process launching the sandbox already uses that address space","ts":"2026-09-17T08:06:22.11946202Z"}
{"error":"there does not seem to be cgroups v1 in /sys/fs/cgroup (the memory controller is missing)","level":"warn","msg":"cgroups v1 not available: only POSIX limits are applied","ts":"2026-09-17T08:06:34.426204501Z"}
{"applied_mb":3198,"level":"warn","msg":"raising the sandbox memory limit","requested_mb":512,"ts":"2026-09-17T08:06:34.426362079Z"}
{"cgroups":false,"chroot":false,"directory":"/home/madkoding/proyectos/starlight/internal/app/workspace","level":"info","limits":true,"msg":"sandbox ready","not_applied":"cgroups v1: there does not seem to be cgroups v1 in /sys/fs/cgroup (the memory controller is missing) | memory_mb: applying 3198 MB instead of 512 because the process launching the sandbox already uses that address space","ts":"2026-09-17T08:06:34.426382662Z"}
{"error":"there does not seem to be cgroups v1 in /sys/fs/cgroup (the memory controller is missing)","level":"warn","msg":"cgroups v1 not available: only POSIX limits are applied","ts":"2026-09-17T08:10:03.384261848Z"}
{"applied_mb":3198,"level":"warn","msg":"raising the sandbox memory limit","requested_mb":512,"ts":"2026-09-17T08:10:03.384413754Z"}
{"cgroups":false,"chroot":false,"directory":"/home/madkoding/proyectos/starlight/internal/app/workspace","level":"info","limits":true,"msg":"sandbox ready","not_applied":"cgroups v1: there does not seem to be cgroups v1 in /sys/fs/cgroup (the memory controller is missing) | memory_mb: applying 3198 MB instead of 512 because the process launching the sandbox already uses that address space","ts":"2026-09-17T08:10:03.384433023Z"}
{"error":"there does not seem to be cgroups v1 in /sys/fs/cgroup (the memory controller is missing)","level":"warn","msg":"cgroups v1 not available: only POSIX limits are applied","ts":"2026-09-17T08:10:33.197491229Z"}
{"applied_mb":3198,"level":"warn","msg":"raising the sandbox memory limit","requested_mb":512,"ts":"2026-09-17T08:10:33.197643519Z"}
{"cgroups":false,"chroot":false,"directory":"/home/madkoding/proyectos/starlight/internal/app/workspace","level":"info","limits":true,"msg":"sandbox ready","not_applied":"cgroups v1: there does not seem to be cgroups v1 in /sys/fs/cgroup (the memory controller is missing) | memory_mb: applying 3198 MB instead of 512 because the process launching the sandbox already uses that address space","ts":"2026-09-17T08:10:33.197679827Z"}
{"error":"there does not seem to be cgroups v1 in /sys/fs/cgroup (the memory controller is missing)","level":"warn","msg":"cgroups v1 not available: only POSIX limits are applied","ts":"2026-09-17T08:29:42.296918112Z"}
{"applied_mb":3198,"level":"warn","msg":"raising the sandbox memory limit","requested_mb":512,"ts":"2026-09-17T08:29:42.297618187Z"}
{"cgroups":false,"chroot":false,"directory":"/home/madkoding/proyectos/starlight/internal/app/workspace","level":"info","limits":true,"msg":"sandbox ready","not_applied":"cgroups v1: there does not seem to be cgroups v1 in /sys/fs/cgroup (the memory controller is missing) | memory_mb: applying 3198 MB instead of 512 because the process launching the sandbox already uses that address space","ts":"2026-09-17T08:29:42.29764655Z"}
{"error":"there does not seem to be cgroups v1 in /sys/fs/cgroup (the memory controller is missing)","level":"warn","msg":"cgroups v1 not available: only POSIX limits are applied","ts":"2026-09-17T05:29:55.104301409-03:00"}
{"applied_mb":3198,"level":"warn","msg":"raising the sandbox memory limit","requested_mb":512,"ts":"2026-09-17T05:29:55.104749067-03:00"}
{"cgroups":false,"chroot":false,"directory":"/home/madkoding/proyectos/starlight/internal/app/workspace","level":"info","limits":true,"msg":"sandbox ready","not_applied":"cgroups v1: there does not seem to be cgroups v1 in /sys/fs/cgroup (the memory controller is missing) | memory_mb: applying 3198 MB instead of 512 because the process launching the sandbox already uses that address space","ts":"2026-09-17T05:29:55.104779981-03:00"}
{"error":"there does not seem to be cgroups v1 in /sys/fs/cgroup (the memory controller is missing)","level":"warn","msg":"cgroups v1 not available: only POSIX limits are applied","ts":"2026-09-17T05:30:10.771173107-03:00"}
{"applied_mb":3198,"level":"warn","msg":"raising the sandbox memory limit","requested_mb":512,"ts":"2026-09-17T05:30:10.77160343-03:00"}
{"cgroups":false,"chroot":false,"directory":"/home/madkoding/proyectos/starlight/internal/app/workspace","level":"info","limits":true,"msg":"sandbox ready","not_applied":"cgroups v1: there does not seem to be cgroups v1 in /sys/fs/cgroup (the memory controller is missing) | memory_mb: applying 3198 MB instead of 512 because the process launching the sandbox already uses that address space","ts":"2026-09-17T05:30:10.771628721-03:00"}
{"error":"there does not seem to be cgroups v1 in /sys/fs/cgroup (the memory controller is missing)","level":"warn","msg":"cgroups v1 not available: only POSIX limits are applied","ts":"2026-09-17T05:30:26.213021566-03:00"}
{"applied_mb":3200,"level":"warn","msg":"raising the sandbox memory limit","requested_mb":512,"ts":"2026-09-17T05:30:26.213467609-03:00"}
{"cgroups":false,"chroot":false,"directory":"/home/madkoding/proyectos/starlight/internal/app/workspace","level":"info","limits":true,"msg":"sandbox ready","not_applied":"cgroups v1: there does not seem to be cgroups v1 in /sys/fs/cgroup (the memory controller is missing) | memory_mb: applying 3200 MB instead of 512 because the process launching the sandbox already uses that address space","ts":"2026-09-17T05:30:26.213493867-03:00"}
{"error":"there does not seem to be cgroups v1 in /sys/fs/cgroup (the memory controller is missing)","level":"warn","msg":"cgroups v1 not available: only POSIX limits are applied","ts":"2026-09-17T08:30:53.61038535Z"}
{"applied_mb":3198,"level":"warn","msg":"raising the sandbox memory limit","requested_mb":512,"ts":"2026-09-17T08:30:53.610551321Z"}
{"cgroups":false,"chroot":false,"directory":"/home/madkoding/proyectos/starlight/internal/app/workspace","level":"info","limits":true,"msg":"sandbox ready","not_applied":"cgroups v1: there does not seem to be cgroups v1 in /sys/fs/cgroup (the memory controller is missing) | memory_mb: applying 3198 MB instead of 512 because the process launching the sandbox already uses that address space","ts":"2026-09-17T08:30:53.610572438Z"}
{"error":"there does not seem to be cgroups v1 in /sys/fs/cgroup (the memory controller is missing)","level":"warn","msg":"cgroups v1 not available: only POSIX limits are applied","ts":"2026-09-17T08:36:34.91862823Z"}
{"applied_mb":3198,"level":"warn","msg":"raising the sandbox memory limit","requested_mb":512,"ts":"2026-09-17T08:36:34.918827757Z"}
{"cgroups":false,"chroot":false,"directory":"/home/madkoding/proyectos/starlight/internal/app/workspace","level":"info","limits":true,"msg":"sandbox ready","not_applied":"cgroups v1: there does not seem to be cgroups v1 in /sys/fs/cgroup (the memory controller is missing) | memory_mb: applying 3198 MB instead of 512 because the process launching the sandbox already uses that address space","ts":"2026-09-17T08:36:34.918852632Z"}
{"error":"there does not seem to be cgroups v1 in /sys/fs/cgroup (the memory controller is missing)","level":"warn","msg":"cgroups v1 not available: only POSIX limits are applied","ts":"2026-09-17T08:41:37.089822219Z"}
{"applied_mb":3198,"level":"warn","msg":"raising the sandbox memory limit","requested_mb":512,"ts":"2026-09-17T08:41:37.090112742Z"}
{"cgroups":false,"chroot":false,"directory":"/home/madkoding/proyectos/starlight/internal/app/workspace","level":"info","limits":true,"msg":"sandbox ready","not_applied":"cgroups v1: there does not seem to be cgroups v1 in /sys/fs/cgroup (the memory controller is missing) | memory_mb: applying 3198 MB instead of 512 because the process launching the sandbox already uses that address space","ts":"2026-09-17T08:41:37.09016364Z"}
{"error":"there does not seem to be cgroups v1 in /sys/fs/cgroup (the memory controller is missing)","level":"warn","msg":"cgroups v1 not available: only POSIX limits are applied","ts":"2026-09-17T05:42:00.021081936-03:00"}
{"applied_mb":3198,"level":"warn","msg":"raising the sandbox memory limit","requested_mb":512,"ts":"2026-09-17T05:42:00.021508549-03:00"}
{"cgroups":false,"chroot":false,"directory":"/home/madkoding/proyectos/starlight/internal/app/workspace","level":"info","limits":true,"msg":"sandbox ready","not_applied":"cgroups v1: there does not seem to be cgroups v1 in /sys/fs/cgroup (the memory controller is missing) | memory_mb: applying 3198 MB instead of 512 because the process launching the sandbox already uses that address space","ts":"2026-09-17T05:42:00.021533647-03:00"}
{"error":"there does not seem to be cgroups v1 in /sys/fs/cgroup (the memory controller is missing)","level":"warn","msg":"cgroups v1 not available: only POSIX limits are applied","ts":"2026-09-17T05:42:13.519727094-03:00"}
{"applied_mb":3198,"level":"warn","msg":"raising the sandbox memory limit","requested_mb":512,"ts":"2026-09-17T05:42:13.520227143-03:00"}
{"cgroups":false,"chroot":false,"directory":"/home/madkoding/proyectos/starlight/internal/app/workspace","level":"info","limits":true,"msg":"sandbox ready","not_applied":"cgroups v1: there does not seem to be cgroups v1 in /sys/fs/cgroup (the memory controller is missing) | memory_mb: applying 3198 MB instead of 512 because the process launching the sandbox already uses that address space","ts":"2026-09-17T05:42:13.520257872-03:00"}
{"error":"there does not seem to be cgroups v1 in /sys/fs/cgroup (the memory controller is missing)","level":"warn","msg":"cgroups v1 not available: only POSIX limits are applied","ts":"2026-09-17T05:42:30.182956494-03:00"}
{"applied_mb":3198,"level":"warn","msg":"raising the sandbox memory limit","requested_mb":512,"ts":"2026-09-17T05:42:30.183185267-03:00"}
{"cgroups":false,"chroot":false,"directory":"/home/madkoding/proyectos/starlight/internal/app/workspace","level":"info","limits":true,"msg":"sandbox ready","not_applied":"cgroups v1: there does not seem to be cgroups v1 in /sys/fs/cgroup (the memory controller is missing) | memory_mb: applying 3198 MB instead of 512 because the process launching the sandbox already uses that address space","ts":"2026-09-17T05:42:30.183208048-03:00"}
{"error":"there does not seem to be cgroups v1 in /sys/fs/cgroup (the memory controller is missing)","level":"warn","msg":"cgroups v1 not available: only POSIX limits are applied","ts":"2026-09-17T05:42:49.150564352-03:00"}
{"applied_mb":3198,"level":"warn","msg":"raising the sandbox memory limit","requested_mb":512,"ts":"2026-09-17T05:42:49.150755116-03:00"}
{"cgroups":false,"chroot":false,"directory":"/home/madkoding/proyectos/starlight/internal/app/workspace","level":"info","limits":true,"msg":"sandbox ready","not_applied":"cgroups v1: there does not seem to be cgroups v1 in /sys/fs/cgroup (the memory controller is missing) | memory_mb: applying 3198 MB instead of 512 because the process launching the sandbox already uses that address space","ts":"2026-09-17T05:42:49.150776016-03:00"}
{"error":"there does not seem to be cgroups v1 in /sys/fs/cgroup (the memory controller is missing)","level":"warn","msg":"cgroups v1 not available: only POSIX limits are applied","ts":"2026-09-17T08:45:28.538382895Z"}
{"applied_mb":3342,"level":"warn","msg":"raising the sandbox memory limit","requested_mb":512,"ts":"2026-09-17T08:45:28.538825426Z"}
{"cgroups":false,"chroot":false,"directory":"/home/madkoding/proyectos/starlight/internal/app/workspace","level":"info","limits":true,"msg":"sandbox ready","not_applied":"cgroups v1: there does not seem to be cgroups v1 in /sys/fs/cgroup (the memory controller is missing) | memory_mb: applying 3342 MB instead of 512 because the process launching the sandbox already uses that address space","ts":"2026-09-17T08:45:28.538851635Z"}
{"error":"there does not seem to be cgroups v1 in /sys/fs/cgroup (the memory controller is missing)","level":"warn","msg":"cgroups v1 not available: only POSIX limits are applied","ts":"2026-09-17T08:45:50.77634227Z"}
{"applied_mb":3198,"level":"warn","msg":"raising the sandbox memory limit","requested_mb":512,"ts":"2026-09-17T08:45:50.776802639Z"}
{"cgroups":false,"chroot":false,"directory":"/home/madkoding/proyectos/starlight/internal/app/workspace","level":"info","limits":true,"msg":"sandbox ready","not_applied":"cgroups v1: there does not seem to be cgroups v1 in /sys/fs/cgroup (the memory controller is missing) | memory_mb: applying 3198 MB instead of 512 because the process launching the sandbox already uses that address space","ts":"2026-09-17T08:45:50.776829635Z"}
{"error":"there does not seem to be cgroups v1 in /sys/fs/cgroup (the memory controller is missing)","level":"warn","msg":"cgroups v1 not available: only POSIX limits are applied","ts":"2026-09-17T09:02:54.966433205Z"}
{"applied_mb":3836,"level":"warn","msg":"raising the sandbox memory limit","requested_mb":512,"ts":"2026-09-17T09:02:54.967061292Z"}
{"cgroups":false,"chroot":false,"directory":"/home/madkoding/proyectos/starlight/internal/app/workspace","level":"info","limits":true,"msg":"sandbox ready","not_applied":"cgroups v1: there does not seem to be cgroups v1 in /sys/fs/cgroup (the memory controller is missing) | memory_mb: applying 3836 MB instead of 512 because the process launching the sandbox already uses that address space","ts":"2026-09-17T09:02:54.967179848Z"}
{"error":"there does not seem to be cgroups v1 in /sys/fs/cgroup (the memory controller is missing)","level":"warn","msg":"cgroups v1 not available: only POSIX limits are applied","ts":"2026-09-17T09:03:12.151268655Z"}
{"applied_mb":3954,"level":"warn","msg":"raising the sandbox memory limit","requested_mb":512,"ts":"2026-09-17T09:03:12.151767467Z"}
{"cgroups":false,"chroot":false,"directory":"/home/madkoding/proyectos/starlight/internal/app/workspace","level":"info","limits":true,"msg":"sandbox ready","not_applied":"cgroups v1: there does not seem to be cgroups v1 in /sys/fs/cgroup (the memory controller is missing) | memory_mb: applying 3954 MB instead of 512 because the process launching the sandbox already uses that address space","ts":"2026-09-17T09:03:12.151951174Z"}
{"error":"there does not seem to be cgroups v1 in /sys/fs/cgroup (the memory controller is missing)","level":"warn","msg":"cgroups v1 not available: only POSIX limits are applied","ts":"2026-09-17T09:03:40.703865115Z"}
{"applied_mb":3980,"level":"warn","msg":"raising the sandbox memory limit","requested_mb":512,"ts":"2026-09-17T09:03:40.704566409Z"}
{"cgroups":false,"chroot":false,"directory":"/home/madkoding/proyectos/starlight/internal/app/workspace","level":"info","limits":true,"msg":"sandbox ready","not_applied":"cgroups v1: there does not seem to be cgroups v1 in /sys/fs/cgroup (the memory controller is missing) | memory_mb: applying 3980 MB instead of 512 because the process launching the sandbox already uses that address space","ts":"2026-09-17T09:03:40.70464972Z"}
{"error":"there does not seem to be cgroups v1 in /sys/fs/cgroup (the memory controller is missing)","level":"warn","msg":"cgroups v1 not available: only POSIX limits are applied","ts":"2026-09-17T09:05:20.421865862Z"}
{"applied_mb":3198,"level":"warn","msg":"raising the sandbox memory limit","requested_mb":512,"ts":"2026-09-17T09:05:20.422039592Z"}
{"cgroups":false,"chroot":false,"directory":"/home/madkoding/proyectos/starlight/internal/app/workspace","level":"info","limits":true,"msg":"sandbox ready","not_applied":"cgroups v1: there does not seem to be cgroups v1 in /sys/fs/cgroup (the memory controller is missing) | memory_mb: applying 3198 MB instead of 512 because the process launching the sandbox already uses that address space","ts":"2026-09-17T09:05:20.422072911Z"}
{"error":"there does not seem to be cgroups v1 in /sys/fs/cgroup (the memory controller is missing)","level":"warn","msg":"cgroups v1 not available: only POSIX limits are applied","ts":"2026-09-17T09:05:44.989888588Z"}
{"applied_mb":3198,"level":"warn","msg":"raising the sandbox memory limit","requested_mb":512,"ts":"2026-09-17T09:05:44.990329887Z"}
{"cgroups":false,"chroot":false,"directory":"/home/madkoding/proyectos/starlight/internal/app/workspace","level":"info","limits":true,"msg":"sandbox ready","not_applied":"cgroups v1: there does not seem to be cgroups v1 in /sys/fs/cgroup (the memory controller is missing) | memory_mb: applying 3198 MB instead of 512 because the process launching the sandbox already uses that address space","ts":"2026-09-17T09:05:44.990352753Z"}
{"error":"there does not seem to be cgroups v1 in /sys/fs/cgroup (the memory controller is missing)","level":"warn","msg":"cgroups v1 not available: only POSIX limits are applied","ts":"2026-09-17T09:06:33.686990207Z"}
{"applied_mb":3954,"level":"warn","msg":"raising the sandbox memory limit","requested_mb":512,"ts":"2026-09-17T09:06:33.687808548Z"}
{"cgroups":false,"chroot":false,"directory":"/home/madkoding/proyectos/starlight/internal/app/workspace","level":"info","limits":true,"msg":"sandbox ready","not_applied":"cgroups v1: there does not seem to be cgroups v1 in /sys/fs/cgroup (the memory controller is missing) | memory_mb: applying 3954 MB instead of 512 because the process launching the sandbox already uses that address space","ts":"2026-09-17T09:06:33.687934621Z"}
{"error":"there does not seem to be cgroups v1 in /sys/fs/cgroup (the memory controller is missing)","level":"warn","msg":"cgroups v1 not available: only POSIX limits are applied","ts":"2026-09-17T09:06:50.063882977Z"}
{"applied_mb":3198,"level":"warn","msg":"raising the sandbox memory limit","requested_mb":512,"ts":"2026-09-17T09:06:50.064062369Z"}
{"cgroups":false,"chroot":false,"directory":"/home/madkoding/proyectos/starlight/internal/app/workspace","level":"info","limits":true,"msg":"sandbox ready","not_applied":"cgroups v1: there does not seem to be cgroups v1 in /sys/fs/cgroup (the memory controller is missing) | memory_mb: applying 3198 MB instead of 512 because the process launching the sandbox already uses that address space","ts":"2026-09-17T09:06:50.064086383Z"}
{"error":"there does not seem to be cgroups v1 in /sys/fs/cgroup (the memory controller is missing)","level":"warn","msg":"cgroups v1 not available: only POSIX limits are applied","ts":"2026-09-17T09:07:21.018283885Z"}
{"applied_mb":3836,"level":"warn","msg":"raising the sandbox memory limit","requested_mb":512,"ts":"2026-09-17T09:07:21.018819752Z"}
{"cgroups":false,"chroot":false,"directory":"/home/madkoding/proyectos/starlight/internal/app/workspace","level":"info","limits":true,"msg":"sandbox ready","not_applied":"cgroups v1: there does not seem to be cgroups v1 in /sys/fs/cgroup (the memory controller is missing) | memory_mb: applying 3836 MB instead of 512 because the process launching the sandbox already uses that address space","ts":"2026-09-17T09:07:21.018989853Z"}
{"error":"there does not seem to be cgroups v1 in /sys/fs/cgroup (the memory controller is missing)","level":"warn","msg":"cgroups v1 not available: only POSIX limits are applied","ts":"2026-09-17T09:09:05.170848785Z"}
{"applied_mb":3198,"level":"warn","msg":"raising the sandbox memory limit","requested_mb":512,"ts":"2026-09-17T09:09:05.171300111Z"}
{"cgroups":false,"chroot":false,"directory":"/home/madkoding/proyectos/starlight/internal/app/workspace","level":"info","limits":true,"msg":"sandbox ready","not_applied":"cgroups v1: there does not seem to be cgroups v1 in /sys/fs/cgroup (the memory controller is missing) | memory_mb: applying 3198 MB instead of 512 because the process launching the sandbox already uses that address space","ts":"2026-09-17T09:09:05.17132645Z"}
{"error":"there does not seem to be cgroups v1 in /sys/fs/cgroup (the memory controller is missing)","level":"warn","msg":"cgroups v1 not available: only POSIX limits are applied","ts":"2026-09-17T09:09:25.415786862Z"}
{"applied_mb":3198,"level":"warn","msg":"raising the sandbox memory limit","requested_mb":512,"ts":"2026-09-17T09:09:25.415958196Z"}
{"cgroups":false,"chroot":false,"directory":"/home/madkoding/proyectos/starlight/internal/app/workspace","level":"info","limits":true,"msg":"sandbox ready","not_applied":"cgroups v1: there does not seem to be cgroups v1 in /sys/fs/cgroup (the memory controller is missing) | memory_mb: applying 3198 MB instead of 512 because the process launching the sandbox already uses that address space","ts":"2026-09-17T09:09:25.415977391Z"}
{"error":"there does not seem to be cgroups v1 in /sys/fs/cgroup (the memory controller is missing)","level":"warn","msg":"cgroups v1 not available: only POSIX limits are applied","ts":"2026-09-17T09:10:38.198166332Z"}
{"applied_mb":3198,"level":"warn","msg":"raising the sandbox memory limit","requested_mb":512,"ts":"2026-09-17T09:10:38.198359524Z"}
{"cgroups":false,"chroot":false,"directory":"/home/madkoding/proyectos/starlight/internal/app/workspace","level":"info","limits":true,"msg":"sandbox ready","not_applied":"cgroups v1: there does not seem to be cgroups v1 in /sys/fs/cgroup (the memory controller is missing) | memory_mb: applying 3198 MB instead of 512 because the process launching the sandbox already uses that address space","ts":"2026-09-17T09:10:38.198382156Z"}
{"error":"there does not seem to be cgroups v1 in /sys/fs/cgroup (the memory controller is missing)","level":"warn","msg":"cgroups v1 not available: only POSIX limits are applied","ts":"2026-09-17T09:11:05.490823756Z"}
{"applied_mb":3954,"level":"warn","msg":"raising the sandbox memory limit","requested_mb":512,"ts":"2026-09-17T09:11:05.491467979Z"}
{"cgroups":false,"chroot":false,"directory":"/home/madkoding/proyectos/starlight/internal/app/workspace","level":"info","limits":true,"msg":"sandbox ready","not_applied":"cgroups v1: there does not seem to be cgroups v1 in /sys/fs/cgroup (the memory controller is missing) | memory_mb: applying 3954 MB instead of 512 because the process launching the sandbox already uses that address space","ts":"2026-09-17T09:11:05.491549358Z"}
{"error":"there does not seem to be cgroups v1 in /sys/fs/cgroup (the memory controller is missing)","level":"warn","msg":"cgroups v1 not available: only POSIX limits are applied","ts":"2026-09-17T09:11:22.758006749Z"}
{"applied_mb":3198,"level":"warn","msg":"raising the sandbox memory limit","requested_mb":512,"ts":"2026-09-17T09:11:22.758183128Z"}
{"cgroups":false,"chroot":false,"directory":"/home/madkoding/proyectos/starlight/internal/app/workspace","level":"info","limits":true,"msg":"sandbox ready","not_applied":"cgroups v1: there does not seem to be cgroups v1 in /sys/fs/cgroup (the memory controller is missing) | memory_mb: applying 3198 MB instead of 512 because the process launching the sandbox already uses that address space","ts":"2026-09-17T09:11:22.758205064Z"}
{"error":"there does not seem to be cgroups v1 in /sys/fs/cgroup (the memory controller is missing)","level":"warn","msg":"cgroups v1 not available: only POSIX limits are applied","ts":"2026-09-17T09:11:42.156984415Z"}
{"applied_mb":3198,"level":"warn","msg":"raising the sandbox memory limit","requested_mb":512,"ts":"2026-09-17T09:11:42.157434723Z"}
{"cgroups":false,"chroot":false,"directory":"/home/madkoding/proyectos/starlight/internal/app/workspace","level":"info","limits":true,"msg":"sandbox ready","not_applied":"cgroups v1: there does not seem to be cgroups v1 in /sys/fs/cgroup (the memory controller is missing) | memory_mb: applying 3198 MB instead of 512 because the process launching the sandbox already uses that address space","ts":"2026-09-17T09:11:42.157460513Z"}
{"error":"there does not seem to be cgroups v1 in /sys/fs/cgroup (the memory controller is missing)","level":"warn","msg":"cgroups v1 not available: only POSIX limits are applied","ts":"2026-09-17T09:13:01.671393048Z"}
{"applied_mb":4098,"level":"warn","msg":"raising the sandbox memory limit","requested_mb":512,"ts":"2026-09-17T09:13:01.671993742Z"}
{"cgroups":false,"chroot":false,"directory":"/home/madkoding/proyectos/starlight/internal/app/workspace","level":"info","limits":true,"msg":"sandbox ready","not_applied":"cgroups v1: there does not seem to be cgroups v1 in /sys/fs/cgroup (the memory controller is missing) | memory_mb: applying 4098 MB instead of 512 because the process launching the sandbox already uses that address space","ts":"2026-09-17T09:13:01.672066472Z"}
{"error":"there does not seem to be cgroups v1 in /sys/fs/cgroup (the memory controller is missing)","level":"warn","msg":"cgroups v1 not available: only POSIX limits are applied","ts":"2026-09-17T09:13:20.445103604Z"}
{"applied_mb":3198,"level":"warn","msg":"raising the sandbox memory limit","requested_mb":512,"ts":"2026-09-17T09:13:20.445280447Z"}
{"cgroups":false,"chroot":false,"directory":"/home/madkoding/proyectos/starlight/internal/app/workspace","level":"info","limits":true,"msg":"sandbox ready","not_applied":"cgroups v1: there does not seem to be cgroups v1 in /sys/fs/cgroup (the memory controller is missing) | memory_mb: applying 3198 MB instead of 512 because the process launching the sandbox already uses that address space","ts":"2026-09-17T09:13:20.445304204Z"}
{"error":"there does not seem to be cgroups v1 in /sys/fs/cgroup (the memory controller is missing)","level":"warn","msg":"cgroups v1 not available: only POSIX limits are applied","ts":"2026-09-17T09:13:39.510511346Z"}
{"applied_mb":3198,"level":"warn","msg":"raising the sandbox memory limit","requested_mb":512,"ts":"2026-09-17T09:13:39.510971822Z"}
{"cgroups":false,"chroot":false,"directory":"/home/madkoding/proyectos/starlight/internal/app/workspace","level":"info","limits":true,"msg":"sandbox ready","not_applied":"cgroups v1: there does not seem to be cgroups v1 in /sys/fs/cgroup (the memory controller is missing) | memory_mb: applying 3198 MB instead of 512 because the process launching the sandbox already uses that address space","ts":"2026-09-17T09:13:39.511000384Z"}
{"error":"there does not seem to be cgroups v1 in /sys/fs/cgroup (the memory controller is missing)","level":"warn","msg":"cgroups v1 not available: only POSIX limits are applied","ts":"2026-09-17T09:18:50.242136543Z"}
{"applied_mb":3326,"level":"warn","msg":"raising the sandbox memory limit","requested_mb":512,"ts":"2026-09-17T09:18:50.242302691Z"}
{"cgroups":false,"chroot":false,"directory":"/home/madkoding/proyectos/starlight/internal/app/workspace","level":"info","limits":true,"msg":"sandbox ready","not_applied":"cgroups v1: there does not seem to be cgroups v1 in /sys/fs/cgroup (the memory controller is missing) | memory_mb: applying 3326 MB instead of 512 because the process launching the sandbox already uses that address space","ts":"2026-09-17T09:18:50.242324701Z"}
{"error":"there does not seem to be cgroups v1 in /sys/fs/cgroup (the memory controller is missing)","level":"warn","msg":"cgroups v1 not available: only POSIX limits are applied","ts":"2026-09-17T09:19:10.788321443Z"}
{"applied_mb":3198,"level":"warn","msg":"raising the sandbox memory limit","requested_mb":512,"ts":"2026-09-17T09:19:10.788769526Z"}
{"cgroups":false,"chroot":false,"directory":"/home/madkoding/proyectos/starlight/internal/app/workspace","level":"info","limits":true,"msg":"sandbox ready","not_applied":"cgroups v1: there does not seem to be cgroups v1 in /sys/fs/cgroup (the memory controller is missing) | memory_mb: applying 3198 MB instead of 512 because the process launching the sandbox already uses that address space","ts":"2026-09-17T09:19:10.788809467Z"}
{"error":"there does not seem to be cgroups v1 in /sys/fs/cgroup (the memory controller is missing)","level":"warn","msg":"cgroups v1 not available: only POSIX limits are applied","ts":"2026-09-17T09:19:35.802298684Z"}
{"applied_mb":3836,"level":"warn","msg":"raising the sandbox memory limit","requested_mb":512,"ts":"2026-09-17T09:19:35.80290273Z"}
{"cgroups":false,"chroot":false,"directory":"/home/madkoding/proyectos/starlight/internal/app/workspace","level":"info","limits":true,"msg":"sandbox ready","not_applied":"cgroups v1: there does not seem to be cgroups v1 in /sys/fs/cgroup (the memory controller is missing) | memory_mb: applying 3836 MB instead of 512 because the process launching the sandbox already uses that address space","ts":"2026-09-17T09:19:35.802977673Z"}
{"error":"there does not seem to be cgroups v1 in /sys/fs/cgroup (the memory controller is missing)","level":"warn","msg":"cgroups v1 not available: only POSIX limits are applied","ts":"2026-09-17T09:19:53.932729773Z"}
{"applied_mb":3326,"level":"warn","msg":"raising the sandbox memory limit","requested_mb":512,"ts":"2026-09-17T09:19:53.932904803Z"}
{"cgroups":false,"chroot":false,"directory":"/home/madkoding/proyectos/starlight/internal/app/workspace","level":"info","limits":true,"msg":"sandbox ready","not_applied":"cgroups v1: there does not seem to be cgroups v1 in /sys/fs/cgroup (the memory controller is missing) | memory_mb: applying 3326 MB instead of 512 because the process launching the sandbox already uses that address space","ts":"2026-09-17T09:19:53.932927119Z"}
{"error":"there does not seem to be cgroups v1 in /sys/fs/cgroup (the memory controller is missing)","level":"warn","msg":"cgroups v1 not available: only POSIX limits are applied","ts":"2026-09-17T09:20:12.69303423Z"}
{"applied_mb":3198,"level":"warn","msg":"raising the sandbox memory limit","requested_mb":512,"ts":"2026-09-17T09:20:12.693194119Z"}
{"cgroups":false,"chroot":false,"directory":"/home/madkoding/proyectos/starlight/internal/app/workspace","level":"info","limits":true,"msg":"sandbox ready","not_applied":"cgroups v1: there does not seem to be cgroups v1 in /sys/fs/cgroup (the memory controller is missing) | memory_mb: applying 3198 MB instead of 512 because the process launching the sandbox already uses that address space","ts":"2026-09-17T09:20:12.693215257Z"}
