{"error":"there does not seem to be cgroups v1 in /sys/fs/cgroup (the memory controller is missing)","level":"warn","msg":"cgroups v1 not available: only POSIX limits are applied","ts":"2026-09-17T08:06:22.119798395Z"}
{"applied_mb":3198,"level":"warn","msg":"raising the sandbox memory limit","requested_mb":1024,"ts":"2026-09-17T08:06:22.119853455Z"}
{"cgroups":false,"chroot":false,"directory":"/home/madkoding/proyectos/starlight/internal/app/workspace/development","level":"info","limits":true,"msg":"sandbox ready","not_applied":"cgroups v1: there does not seem to be cgroups v1 in /sys/fs/cgroup (the memory controller is missing) | memory_mb: applying 3198 MB instead of 1024 because the process launching the sandbox already uses that address space","ts":"2026-09-17T08:06:22.119864706Z"}
{"error":"there does not seem to be cgroups v1 in /sys/fs/cgroup (the memory controller is missing)","level":"warn","msg":"cgroups v1 not available: only POSIX limits are applied","ts":"2026-09-17T08:06:34.426710878Z"}
{"applied_mb":3198,"level":"warn","msg":"raising the sandbox memory limit","requested_mb":1024,"ts":"2026-09-17T08:06:34.426770996Z"}
{"cgroups":false,"chroot":false,"directory":"/home/madkoding/proyectos/starlight/internal/app/workspace/development","level":"info","limits":true,"msg":"sandbox ready","not_applied":"cgroups v1: there does not seem to be cgroups v1 in /sys/fs/cgroup (the memory controller is missing) | memory_mb: applying 3198 MB instead of 1024 because the process launching the sandbox already uses that address space","ts":"2026-09-17T08:06:34.426782147Z"}
{"error":"there does not seem to be cgroups v1 in /sys/fs/cgroup (the memory controller is missing)","level":"warn","msg":"cgroups v1 not available: only POSIX limits are applied","ts":"2026-09-17T08:10:03.384674435Z"}
{"applied_mb":3198,"level":"warn","msg":"raising the sandbox memory limit","requested_mb":1024,"ts":"2026-09-17T08:10:03.384726263Z"}
{"cgroups":false,"chroot":false,"directory":"/home/madkoding/proyectos/starlight/internal/app/workspace/development","level":"info","limits":true,"msg":"sandbox ready","not_applied":"cgroups v1: there does not seem to be cgroups v1 in /sys/fs/cgroup (the memory controller is missing) | memory_mb: applying 3198 MB instead of 1024 because the process launching the sandbox already uses that address space","ts":"2026-09-17T08:10:03.384736508Z"}
{"error":"there does not seem to be cgroups v1 in /sys/fs/cgroup (the memory controller is missing)","level":"warn","msg":"cgroups v1 not available: only POSIX limits are applied","ts":"2026-09-17T08:10:33.197946276Z"}
{"applied_mb":3198,"level":"warn","msg":"raising the sandbox memory limit","requested_mb":1024,"ts":"2026-09-17T08:10:33.198003043Z"}
{"cgroups":false,"chroot":false,"directory":"/home/madkoding/proyectos/starlight/internal/app/workspace/development","level":"info","limits":true,"msg":"sandbox ready","not_applied":"cgroups v1: there does not seem to be cgroups v1 in /sys/fs/cgroup (the memory controller is missing) | memory_mb: applying 3198 MB instead of 1024 because the process launching the sandbox already uses that address space","ts":"2026-09-17T08:10:33.19801592Z"}
{"error":"there does not seem to be cgroups v1 in /sys/fs/cgroup (the memory controller is missing)","level":"warn","msg":"cgroups v1 not available: only POSIX limits are applied","ts":"2026-09-17T08:29:42.297937482Z"}
{"applied_mb":3198,"level":"warn","msg":"raising the sandbox memory limit","requested_mb":1024,"ts":"2026-09-17T08:29:42.298000399Z"}
{"cgroups":false,"chroot":false,"directory":"/home/madkoding/proyectos/starlight/internal/app/workspace/development","level":"info","limits":true,"msg":"sandbox ready","not_applied":"cgroups v1: there does not seem to be cgroups v1 in /sys/fs/cgroup (the memory controller is missing) | memory_mb: applying 3198 MB instead of 1024 because the process launching the sandbox already uses that address space","ts":"2026-09-17T08:29:42.298012646Z"}
{"error":"there does not seem to be cgroups v1 in /sys/fs/cgroup (the memory controller is missing)","level":"warn","msg":"cgroups v1 not available: only POSIX limits are applied","ts":"2026-09-17T05:29:55.105087741-03:00"}
{"applied_mb":3198,"level":"warn","msg":"raising the sandbox memory limit","requested_mb":1024,"ts":"2026-09-17T05:29:55.105157302-03:00"}
{"cgroups":false,"chroot":false,"directory":"/home/madkoding/proyectos/starlight/internal/app/workspace/development","level":"info","limits":true,"msg":"sandbox ready","not_applied":"cgroups v1: there does not seem to be cgroups v1 in /sys/fs/cgroup (the memory controller is missing) | memory_mb: applying 3198 MB instead of 1024 because the process launching the sandbox already uses that address space","ts":"2026-09-17T05:29:55.105169123-03:00"}
{"error":"there does not seem to be cgroups v1 in /sys/fs/cgroup (the memory controller is missing)","level":"warn","msg":"cgroups v1 not available: only POSIX limits are applied","ts":"2026-09-17T05:30:10.771921231-03:00"}
{"applied_mb":3198,"level":"warn","msg":"raising the sandbox memory limit","requested_mb":1024,"ts":"2026-09-17T05:30:10.771981079-03:00"}
{"cgroups":false,"chroot":false,"directory":"/home/madkoding/proyectos/starlight/internal/app/workspace/development","level":"info","limits":true,"msg":"sandbox ready","not_applied":"cgroups v1: there does not seem to be cgroups v1 in /sys/fs/cgroup (the memory controller is missing) | memory_mb: applying 3198 MB instead of 1024 because the process launching the sandbox already uses that address space","ts":"2026-09-17T05:30:10.771992461-03:00"}
{"error":"there does not seem to be cgroups v1 in /sys/fs/cgroup (the memory controller is missing)","level":"warn","msg":"cgroups v1 not available: only POSIX limits are applied","ts":"2026-09-17T05:30:26.2137742-03:00"}
{"applied_mb":3200,"level":"warn","msg":"raising the sandbox memory limit","requested_mb":1024,"ts":"2026-09-17T05:30:26.213833678-03:00"}
{"cgroups":false,"chroot":false,"directory":"/home/madkoding/proyectos/starlight/internal/app/workspace/development","level":"info","limits":true,"msg":"sandbox ready","not_applied":"cgroups v1: there does not seem to be cgroups v1 in /sys/fs/cgroup (the memory controller is missing) | memory_mb: applying 3200 MB instead of 1024 because the process launching the sandbox already uses that address space","ts":"2026-09-17T05:30:26.213845261-03:00"}
{"error":"there does not seem to be cgroups v1 in /sys/fs/cgroup (the memory controller is missing)","level":"warn","msg":"cgroups v1 not available: only POSIX limits are applied","ts":"2026-09-17T08:30:53.61085506Z"}
{"applied_mb":3198,"level":"warn","msg":"raising the sandbox memory limit","requested_mb":1024,"ts":"2026-09-17T08:30:53.610927852Z"}
{"cgroups":false,"chroot":false,"directory":"/home/madkoding/proyectos/starlight/internal/app/workspace/development","level":"info","limits":true,"msg":"sandbox ready","not_applied":"cgroups v1: there does not seem to be cgroups v1 in /sys/fs/cgroup (the memory controller is missing) | memory_mb: applying 3198 MB instead of 1024 because the process launching the sandbox already uses that address space","ts":"2026-09-17T08:30:53.610941045Z"}
{"error":"there does not seem to be cgroups v1 in /sys/fs/cgroup (the memory controller is missing)","level":"warn","msg":"cgroups v1 not available: only POSIX limits are applied","ts":"2026-09-17T08:36:34.919175748Z"}
{"applied_mb":3198,"level":"warn","msg":"raising the sandbox memory limit","requested_mb":1024,"ts":"2026-09-17T08:36:34.91923431Z"}
{"cgroups":false,"chroot":false,"directory":"/home/madkoding/proyectos/starlight/internal/app/workspace/development","level":"info","limits":true,"msg":"sandbox ready","not_applied":"cgroups v1: there does not seem to be cgroups v1 in /sys/fs/cgroup (the memory controller is missing) | memory_mb: applying 3198 MB instead of 1024 because the process launching the sandbox already uses that address space","ts":"2026-09-17T08:36:34.919247362Z"}
{"error":"there does not seem to be cgroups v1 in /sys/fs/cgroup (the memory controller is missing)","level":"warn","msg":"cgroups v1 not available: only POSIX limits are applied","ts":"2026-09-17T08:41:37.090685176Z"}
{"applied_mb":3198,"level":"warn","msg":"raising the sandbox memory limit","requested_mb":1024,"ts":"2026-09-17T08:41:37.090792143Z"}
{"cgroups":false,"chroot":false,"directory":"/home/madkoding/proyectos/starlight/internal/app/workspace/development","level":"info","limits":true,"msg":"sandbox ready","not_applied":"cgroups v1: there does not seem to be cgroups v1 in /sys/fs/cgroup (the memory controller is missing) | memory_mb: applying 3198 MB instead of 1024 because the process launching the sandbox already uses that address space","ts":"2026-09-17T08:41:37.09082648Z"}
{"error":"there does not seem to be cgroups v1 in /sys/fs/cgroup (the memory controller is missing)","level":"warn","msg":"cgroups v1 not available: only POSIX limits are applied","ts":"2026-09-17T05:42:00.021792978-03:00"}
{"applied_mb":3198,"level":"warn","msg":"raising the sandbox memory limit","requested_mb":1024,"ts":"2026-09-17T05:42:00.021852875-03:00"}
{"cgroups":false,"chroot":false,"directory":"/home/madkoding/proyectos/starlight/internal/app/workspace/development","level":"info","limits":true,"msg":"sandbox ready","not_applied":"cgroups v1: there does not seem to be cgroups v1 in /sys/fs/cgroup (the memory controller is missing) | memory_mb: applying 3198 MB instead of 1024 because the process launching the sandbox already uses that address space","ts":"2026-09-17T05:42:00.021863408-03:00"}
{"error":"there does not seem to be cgroups v1 in /sys/fs/cgroup (the memory controller is missing)","level":"warn","msg":"cgroups v1 not available: only POSIX limits are applied","ts":"2026-09-17T05:42:13.520650275-03:00"}
{"applied_mb":3198,"level":"warn","msg":"raising the sandbox memory limit","requested_mb":1024,"ts":"2026-09-17T05:42:13.520743174-03:00"}
{"cgroups":false,"chroot":false,"directory":"/home/madkoding/proyectos/starlight/internal/app/workspace/development","level":"info","limits":true,"msg":"sandbox ready","not_applied":"cgroups v1: there does not seem to be cgroups v1 in /sys/fs/cgroup (the memory controller is missing) | memory_mb: applying 3198 MB instead of 1024 because the process launching the sandbox already uses that address space","ts":"2026-09-17T05:42:13.52077611-03:00"}
{"error":"there does not seem to be cgroups v1 in /sys/fs/cgroup (the memory controller is missing)","level":"warn","msg":"cgroups v1 not available: only POSIX limits are applied","ts":"2026-09-17T05:42:30.183514942-03:00"}
{"applied_mb":3198,"level":"warn","msg":"raising the sandbox memory limit","requested_mb":1024,"ts":"2026-09-17T05:42:30.183580166-03:00"}
{"cgroups":false,"chroot":false,"directory":"/home/madkoding/proyectos/starlight/internal/app/workspace/development","level":"info","limits":true,"msg":"sandbox ready","not_applied":"cgroups v1: there does not seem to be cgroups v1 in /sys/fs/cgroup (the memory controller is missing) | memory_mb: applying 3198 MB instead of 1024 because the process launching the sandbox already uses that address space","ts":"2026-09-17T05:42:30.183592165-03:00"}
{"error":"there does not seem to be cgroups v1 in /sys/fs/cgroup (the memory controller is missing)","level":"warn","msg":"cgroups v1 not available: only POSIX limits are applied","ts":"2026-09-17T05:42:49.151212407-03:00"}
{"applied_mb":3198,"level":"warn","msg":"raising the sandbox memory limit","requested_mb":1024,"ts":"2026-09-17T05:42:49.151321065-03:00"}
{"cgroups":false,"chroot":false,"directory":"/home/madkoding/proyectos/starlight/internal/app/workspace/development","level":"info","limits":true,"msg":"sandbox ready","not_applied":"cgroups v1: there does not seem to be cgroups v1 in /sys/fs/cgroup (the memory controller is missing) | memory_mb: applying 3198 MB instead of 1024 because the process launching the sandbox already uses that address space","ts":"2026-09-17T05:42:49.151338249-03:00"}
{"error":"there does not seem to be cgroups v1 in /sys/fs/cgroup (the memory controller is missing)","level":"warn","msg":"cgroups v1 not available: only POSIX limits are applied","ts":"2026-09-17T08:45:28.539131467Z"}
{"applied_mb":3342,"level":"warn","msg":"raising the sandbox memory limit","requested_mb":1024,"ts":"2026-09-17T08:45:28.53919496Z"}
{"cgroups":false,"chroot":false,"directory":"/home/madkoding/proyectos/starlight/internal/app/workspace/development","level":"info","limits":true,"msg":"sandbox ready","not_applied":"cgroups v1: there does not seem to be cgroups v1 in /sys/fs/cgroup (the memory controller is missing) | memory_mb: applying 3342 MB instead of 1024 because the process launching the sandbox already uses that address space","ts":"2026-09-17T08:45:28.539212708Z"}
{"error":"there does not seem to be cgroups v1 in /sys/fs/cgroup (the memory controller is missing)","level":"warn","msg":"cgroups v1 not available: only POSIX limits are applied","ts":"2026-09-17T08:45:50.777196228Z"}
{"applied_mb":3198,"level":"warn","msg":"raising the sandbox memory limit","requested_mb":1024,"ts":"2026-09-17T08:45:50.777253086Z"}
{"cgroups":false,"chroot":false,"directory":"/home/madkoding/proyectos/starlight/internal/app/workspace/development","level":"info","limits":true,"msg":"sandbox ready","not_applied":"cgroups v1: there does not seem to be cgroups v1 in /sys/fs/cgroup (the memory controller is missing) | memory_mb: applying 3198 MB instead of 1024 because the process launching the sandbox already uses that address space","ts":"2026-09-17T08:45:50.777264287Z"}
{"error":"there does not seem to be cgroups v1 in /sys/fs/cgroup (the memory controller is missing)","level":"warn","msg":"cgroups v1 not available: only POSIX limits are applied","ts":"2026-09-17T09:02:54.968340535Z"}
{"applied_mb":3836,"level":"warn","msg":"raising the sandbox memory limit","requested_mb":1024,"ts":"2026-09-17T09:02:54.968537283Z"}
{"cgroups":false,"chroot":false,"directory":"/home/madkoding/proyectos/starlight/internal/app/workspace/development","level":"info","limits":true,"msg":"sandbox ready","not_applied":"cgroups v1: there does not seem to be cgroups v1 in /sys/fs/cgroup (the memory controller is missing) | memory_mb: applying 3836 MB instead of 1024 because the process launching the sandbox already uses that address space","ts":"2026-09-17T09:02:54.968625166Z"}
{"error":"there does not seem to be cgroups v1 in /sys/fs/cgroup (the memory controller is missing)","level":"warn","msg":"cgroups v1 not available: only POSIX limits are applied","ts":"2026-09-17T09:03:12.153225933Z"}
{"applied_mb":3954,"level":"warn","msg":"raising the sandbox memory limit","requested_mb":1024,"ts":"2026-09-17T09:03:12.182299411Z"}
{"cgroups":false,"chroot":false,"directory":"/home/madkoding/proyectos/starlight/internal/app/workspace/development","level":"info","limits":true,"msg":"sandbox ready","not_applied":"cgroups v1: there does not seem to be cgroups v1 in /sys/fs/cgroup (the memory controller is missing) | memory_mb: applying 3954 MB instead of 1024 because the process launching the sandbox already uses that address space","ts":"2026-09-17T09:03:12.182460913Z"}
{"error":"there does not seem to be cgroups v1 in /sys/fs/cgroup (the memory controller is missing)","level":"warn","msg":"cgroups v1 not available: only POSIX limits are applied","ts":"2026-09-17T09:03:40.705801497Z"}
{"applied_mb":3980,"level":"warn","msg":"raising the sandbox memory limit","requested_mb":1024,"ts":"2026-09-17T09:03:40.705997552Z"}
{"cgroups":false,"chroot":false,"directory":"/home/madkoding/proyectos/starlight/internal/app/workspace/development","level":"info","limits":true,"msg":"sandbox ready","not_applied":"cgroups v1: there does not seem to be cgroups v1 in /sys/fs/cgroup (the memory controller is missing) | memory_mb: applying 3980 MB instead of 1024 because the process launching the sandbox already uses that address space","ts":"2026-09-17T09:03:40.706087924Z"}
{"error":"there does not seem to be cgroups v1 in /sys/fs/cgroup (the memory controller is missing)","level":"warn","msg":"cgroups v1 not available: only POSIX limits are applied","ts":"2026-09-17T09:05:20.422360732Z"}
{"applied_mb":3198,"level":"warn","msg":"raising the sandbox memory limit","requested_mb":1024,"ts":"2026-09-17T09:05:20.42241934Z"}
{"cgroups":false,"chroot":false,"directory":"/home/madkoding/proyectos/starlight/internal/app/workspace/development","level":"info","limits":true,"msg":"sandbox ready","not_applied":"cgroups v1: there does not seem to be cgroups v1 in /sys/fs/cgroup (the memory controller is missing) | memory_mb: applying 3198 MB instead of 1024 because the process launching the sandbox already uses that address space","ts":"2026-09-17T09:05:20.422435709Z"}
{"error":"there does not seem to be cgroups v1 in /sys/fs/cgroup (the memory controller is missing)","level":"warn","msg":"cgroups v1 not available: only POSIX limits are applied","ts":"2026-09-17T09:05:44.990706899Z"}
{"applied_mb":3198,"level":"warn","msg":"raising the sandbox memory limit","requested_mb":1024,"ts":"2026-09-17T09:05:44.990761024Z"}
{"cgroups":false,"chroot":false,"directory":"/home/madkoding/proyectos/starlight/internal/app/workspace/development","level":"info","limits":true,"msg":"sandbox ready","not_applied":"cgroups v1: there does not seem to be cgroups v1 in /sys/fs/cgroup (the memory controller is missing) | memory_mb: applying 3198 MB instead of 1024 because the process launching the sandbox already uses that address space","ts":"2026-09-17T09:05:44.990772148Z"}
{"error":"there does not seem to be cgroups v1 in /sys/fs/cgroup (the memory controller is missing)","level":"warn","msg":"cgroups v1 not available: only POSIX limits are applied","ts":"2026-09-17T09:06:33.689106023Z"}
{"applied_mb":3954,"level":"warn","msg":"raising the sandbox memory limit","requested_mb":1024,"ts":"2026-09-17T09:06:33.689329237Z"}
{"cgroups":false,"chroot":false,"directory":"/home/madkoding/proyectos/starlight/internal/app/workspace/development","level":"info","limits":true,"msg":"sandbox ready","not_applied":"cgroups v1: there does not seem to be cgroups v1 in /sys/fs/cgroup (the memory controller is missing) | memory_mb: applying 3954 MB instead of 1024 because the process launching the sandbox already uses that address space","ts":"2026-09-17T09:06:33.689420411Z"}
{"error":"there does not seem to be cgroups v1 in /sys/fs/cgroup (the memory controller is missing)","level":"warn","msg":"cgroups v1 not available: only POSIX limits are applied","ts":"2026-09-17T09:06:50.064508343Z"}
{"applied_mb":3198,"level":"warn","msg":"raising the sandbox memory limit","requested_mb":1024,"ts":"2026-09-17T09:06:50.064567461Z"}
{"cgroups":false,"chroot":false,"directory":"/home/madkoding/proyectos/starlight/internal/app/workspace/development","level":"info","limits":true,"msg":"sandbox ready","not_applied":"cgroups v1: there does not seem to be cgroups v1 in /sys/fs/cgroup (the memory controller is missing) | memory_mb: applying 3198 MB instead of 1024 because the process launching the sandbox already uses that address space","ts":"2026-09-17T09:06:50.064580801Z"}
{"error":"there does not seem to be cgroups v1 in /sys/fs/cgroup (the memory controller is missing)","level":"warn","msg":"cgroups v1 not available: only POSIX limits are applied","ts":"2026-09-17T09:07:21.020500334Z"}
{"applied_mb":3836,"level":"warn","msg":"raising the sandbox memory limit","requested_mb":1024,"ts":"2026-09-17T09:07:21.02077654Z"}
{"cgroups":false,"chroot":false,"directory":"/home/madkoding/proyectos/starlight/internal/app/workspace/development","level":"info","limits":true,"msg":"sandbox ready","not_applied":"cgroups v1: there does not seem to be cgroups v1 in /sys/fs/cgroup (the memory controller is missing) | memory_mb: applying 3836 MB instead of 1024 because the process launching the sandbox already uses that address space","ts":"2026-09-17T09:07:21.02086489Z"}
{"error":"there does not seem to be cgroups v1 in /sys/fs/cgroup (the memory controller is missing)","level":"warn","msg":"cgroups v1 not available: only POSIX limits are applied","ts":"2026-09-17T09:09:05.171618171Z"}
{"applied_mb":3198,"level":"warn","msg":"raising the sandbox memory limit","requested_mb":1024,"ts":"2026-09-17T09:09:05.171680469Z"}
{"cgroups":false,"chroot":false,"directory":"/home/madkoding/proyectos/starlight/internal/app/workspace/development","level":"info","limits":true,"msg":"sandbox ready","not_applied":"cgroups v1: there does not seem to be cgroups v1 in /sys/fs/cgroup (the memory controller is missing) | memory_mb: applying 3198 MB instead of 1024 because the process launching the sandbox already uses that address space","ts":"2026-09-17T09:09:05.171696806Z"}
{"error":"there does not seem to be cgroups v1 in /sys/fs/cgroup (the memory controller is missing)","level":"warn","msg":"cgroups v1 not available: only POSIX limits are applied","ts":"2026-09-17T09:09:25.416349857Z"}
{"applied_mb":3198,"level":"warn","msg":"raising the sandbox memory limit","requested_mb":1024,"ts":"2026-09-17T09:09:25.41640434Z"}
{"cgroups":false,"chroot":false,"directory":"/home/madkoding/proyectos/starlight/internal/app/workspace/development","level":"info","limits":true,"msg":"sandbox ready","not_applied":"cgroups v1: there does not seem to be cgroups v1 in /sys/fs/cgroup (the memory controller is missing) | memory_mb: applying 3198 MB instead of 1024 because the process launching the sandbox already uses that address space","ts":"2026-09-17T09:09:25.416415679Z"}
{"error":"there does not seem to be cgroups v1 in /sys/fs/cgroup (the memory controller is missing)","level":"warn","msg":"cgroups v1 not available: only POSIX limits are applied","ts":"2026-09-17T09:10:38.198668553Z"}
{"applied_mb":3198,"level":"warn","msg":"raising the sandbox memory limit","requested_mb":1024,"ts":"2026-09-17T09:10:38.198731833Z"}
{"cgroups":false,"chroot":false,"directory":"/home/madkoding/proyectos/starlight/internal/app/workspace/development","level":"info","limits":true,"msg":"sandbox ready","not_applied":"cgroups v1: there does not seem to be cgroups v1 in /sys/fs/cgroup (the memory controller is missing) | memory_mb: applying 3198 MB instead of 1024 because the process launching the sandbox already uses that address space","ts":"2026-09-17T09:10:38.198745971Z"}
{"error":"there does not seem to be cgroups v1 in /sys/fs/cgroup (the memory controller is missing)","level":"warn","msg":"cgroups v1 not available: only POSIX limits are applied","ts":"2026-09-17T09:11:05.492666302Z"}
{"applied_mb":3954,"level":"warn","msg":"raising the sandbox memory limit","requested_mb":1024,"ts":"2026-09-17T09:11:05.492868392Z"}
{"cgroups":false,"chroot":false,"directory":"/home/madkoding/proyectos/starlight/internal/app/workspace/development","level":"info","limits":true,"msg":"sandbox ready","not_applied":"cgroups v1: there does not seem to be cgroups v1 in /sys/fs/cgroup (the memory controller is missing) | memory_mb: applying 3954 MB instead of 1024 because the process launching the sandbox already uses that address space","ts":"2026-09-17T09:11:05.492958067Z"}
{"error":"there does not seem to be cgroups v1 in /sys/fs/cgroup (the memory controller is missing)","level":"warn","msg":"cgroups v1 not available: only POSIX limits are applied","ts":"2026-09-17T09:11:22.75849954Z"}
{"applied_mb":3198,"level":"warn","msg":"raising the sandbox memory limit","requested_mb":1024,"ts":"2026-09-17T09:11:22.758555121Z"}
{"cgroups":false,"chroot":false,"directory":"/home/madkoding/proyectos/starlight/internal/app/workspace/development","level":"info","limits":true,"msg":"sandbox ready","not_applied":"cgroups v1: there does not seem to be cgroups v1 in /sys/fs/cgroup (the memory controller is missing) | memory_mb: applying 3198 MB instead of 1024 because the process launching the sandbox already uses that address space","ts":"2026-09-17T09:11:22.758567724Z"}
{"error":"there does not seem to be cgroups v1 in /sys/fs/cgroup (the memory controller is missing)","level":"warn","msg":"cgroups v1 not available: only POSIX limits are applied","ts":"2026-09-17T09:11:42.157817612Z"}
{"applied_mb":3198,"level":"warn","msg":"raising the sandbox memory limit","requested_mb":1024,"ts":"2026-09-17T09:11:42.157870517Z"}
{"cgroups":false,"chroot":false,"directory":"/home/madkoding/proyectos/starlight/internal/app/workspace/development","level":"info","limits":true,"msg":"sandbox ready","not_applied":"cgroups v1: there does not seem to be cgroups v1 in /sys/fs/cgroup (the memory controller is missing) | memory_mb: applying 3198 MB instead of 1024 because the process launching the sandbox already uses that address space","ts":"2026-09-17T09:11:42.157882746Z"}
{"error":"there does not seem to be cgroups v1 in /sys/fs/cgroup (the memory controller is missing)","level":"warn","msg":"cgroups v1 not available: only POSIX limits are applied","ts":"2026-09-17T09:13:01.67319635Z"}
{"applied_mb":4098,"level":"warn","msg":"raising the sandbox memory limit","requested_mb":1024,"ts":"2026-09-17T09:13:01.673413507Z"}
{"cgroups":false,"chroot":false,"directory":"/home/madkoding/proyectos/starlight/internal/app/workspace/development","level":"info","limits":true,"msg":"sandbox ready","not_applied":"cgroups v1: there does not seem to be cgroups v1 in /sys/fs/cgroup (the memory controller is missing) | memory_mb: applying 4098 MB instead of 1024 because the process launching the sandbox already uses that address space","ts":"2026-09-17T09:13:01.673500996Z"}
{"error":"there does not seem to be cgroups v1 in /sys/fs/cgroup (the memory controller is missing)","level":"warn","msg":"cgroups v1 not available: only POSIX limits are applied","ts":"2026-09-17T09:13:20.445622645Z"}
{"applied_mb":3198,"level":"warn","msg":"raising the sandbox memory limit","requested_mb":1024,"ts":"2026-09-17T09:13:20.44568707Z"}
{"cgroups":false,"chroot":false,"directory":"/home/madkoding/proyectos/starlight/internal/app/workspace/development","level":"info","limits":true,"msg":"sandbox ready","not_applied":"cgroups v1: there does not seem to be cgroups v1 in /sys/fs/cgroup (the memory controller is missing) | memory_mb: applying 3198 MB instead of 1024 because the process launching the sandbox already uses that address space","ts":"2026-09-17T09:13:20.445699239Z"}
{"error":"there does not seem to be cgroups v1 in /sys/fs/cgroup (the memory controller is missing)","level":"warn","msg":"cgroups v1 not available: only POSIX limits are applied","ts":"2026-09-17T09:13:39.511367805Z"}
{"applied_mb":3198,"level":"warn","msg":"raising the sandbox memory limit","requested_mb":1024,"ts":"2026-09-17T09:13:39.511424312Z"}
{"cgroups":false,"chroot":false,"directory":"/home/madkoding/proyectos/starlight/internal/app/workspace/development","level":"info","limits":true,"msg":"sandbox ready","not_applied":"cgroups v1: there does not seem to be cgroups v1 in /sys/fs/cgroup (the memory controller is missing) | memory_mb: applying 3198 MB instead of 1024 because the process launching the sandbox already uses that address space","ts":"2026-09-17T09:13:39.511437209Z"}
{"error":"there does not seem to be cgroups v1 in /sys/fs/cgroup (the memory controller is missing)","level":"warn","msg":"cgroups v1 not available: only POSIX limits are applied","ts":"2026-09-17T09:18:50.242577078Z"}
{"applied_mb":3326,"level":"warn","msg":"raising the sandbox memory limit","requested_mb":1024,"ts":"2026-09-17T09:18:50.242637713Z"}
{"cgroups":false,"chroot":false,"directory":"/home/madkoding/proyectos/starlight/internal/app/workspace/development","level":"info","limits":true,"msg":"sandbox ready","not_applied":"cgroups v1: there does not seem to be cgroups v1 in /sys/fs/cgroup (the memory controller is missing) | memory_mb: applying 3326 MB instead of 1024 because the process launching the sandbox already uses that address space","ts":"2026-09-17T09:18:50.242649882Z"}
{"error":"there does not seem to be cgroups v1 in /sys/fs/cgroup (the memory controller is missing)","level":"warn","msg":"cgroups v1 not available: only POSIX limits are applied","ts":"2026-09-17T09:19:10.789135835Z"}
{"applied_mb":3198,"level":"warn","msg":"raising the sandbox memory limit","requested_mb":1024,"ts":"2026-09-17T09:19:10.789199008Z"}
{"cgroups":false,"chroot":false,"directory":"/home/madkoding/proyectos/starlight/internal/app/workspace/development","level":"info","limits":true,"msg":"sandbox ready","not_applied":"cgroups v1: there does not seem to be cgroups v1 in /sys/fs/cgroup (the memory controller is missing) | memory_mb: applying 3198 MB instead of 1024 because the process launching the sandbox already uses that address space","ts":"2026-09-17T09:19:10.78921113Z"}
{"error":"there does not seem to be cgroups v1 in /sys/fs/cgroup (the memory controller is missing)","level":"warn","msg":"cgroups v1 not available: only POSIX limits are applied","ts":"2026-09-17T09:19:35.804060824Z"}
{"applied_mb":3836,"level":"warn","msg":"raising the sandbox memory limit","requested_mb":1024,"ts":"2026-09-17T09:19:35.804259794Z"}
{"cgroups":false,"chroot":false,"directory":"/home/madkoding/proyectos/starlight/internal/app/workspace/development","level":"info","limits":true,"msg":"sandbox ready","not_applied":"cgroups v1: there does not seem to be cgroups v1 in /sys/fs/cgroup (the memory controller is missing) | memory_mb: applying 3836 MB instead of 1024 because the process launching the sandbox already uses that address space","ts":"2026-09-17T09:19:35.804321852Z"}
{"error":"there does not seem to be cgroups v1 in /sys/fs/cgroup (the memory controller is missing)","level":"warn","msg":"cgroups v1 not available: only POSIX limits are applied","ts":"2026-09-17T09:19:53.933232319Z"}
{"applied_mb":3326,"level":"warn","msg":"raising the sandbox memory limit","requested_mb":1024,"ts":"2026-09-17T09:19:53.933303208Z"}
{"cgroups":false,"chroot":false,"directory":"/home/madkoding/proyectos/starlight/internal/app/workspace/development","level":"info","limits":true,"msg":"sandbox ready","not_applied":"cgroups v1: there does not seem to be cgroups v1 in /sys/fs/cgroup (the memory controller is missing) | memory_mb: applying 3326 MB instead of 1024 because the process launching the sandbox already uses that address space","ts":"2026-09-17T09:19:53.933319212Z"}
{"error":"there does not seem to be cgroups v1 in /sys/fs/cgroup (the memory controller is missing)","level":"warn","msg":"cgroups v1 not available: only POSIX limits are applied","ts":"2026-09-17T09:20:12.693562574Z"}
{"applied_mb":3198,"level":"warn","msg":"raising the sandbox memory limit","requested_mb":1024,"ts":"2026-09-17T09:20:12.693617668Z"}
{"cgroups":false,"chroot":false,"directory":"/home/madkoding/proyectos/starlight/internal/app/workspace/development","level":"info","limits":true,"msg":"sandbox ready","not_applied":"cgroups v1: there does not seem to be cgroups v1 in /sys/fs/cgroup (the memory controller is missing) | memory_mb: applying 3198 MB instead of 1024 because the process launching the sandbox already uses that address space","ts":"2026-09-17T09:20:12.693632206Z"}
