{"error":"there does not seem to be cgroups v1 in /sys/fs/cgroup (the memory controller is missing)","level":"warn","msg":"cgroups v1 not available: only POSIX limits are applied","ts":"2026-09-17T08:06:22.120181439Z"}
{"applied_mb":3198,"level":"warn","msg":"raising the sandbox memory limit","requested_mb":1536,"ts":"2026-09-17T08:06:22.120241648Z"}
{"cgroups":false,"chroot":false,"directory":"/home/madkoding/proyectos/starlight/internal/app/workspace/data","level":"info","limits":true,"msg":"sandbox ready","not_applied":"cgroups v1: there does not seem to be cgroups v1 in /sys/fs/cgroup (the memory controller is missing) | memory_mb: applying 3198 MB instead of 1536 because the process launching the sandbox already uses that address space","ts":"2026-09-17T08:06:22.120252681Z"}
{"error":"there does not seem to be cgroups v1 in /sys/fs/cgroup (the memory controller is missing)","level":"warn","msg":"cgroups v1 not available: only POSIX limits are applied","ts":"2026-09-17T08:06:34.427071205Z"}
{"applied_mb":3198,"level":"warn","msg":"raising the sandbox memory limit","requested_mb":1536,"ts":"2026-09-17T08:06:34.42712465Z"}
{"cgroups":false,"chroot":false,"directory":"/home/madkoding/proyectos/starlight/internal/app/workspace/data","level":"info","limits":true,"msg":"sandbox ready","not_applied":"cgroups v1: there does not seem to be cgroups v1 in /sys/fs/cgroup (the memory controller is missing) | memory_mb: applying 3198 MB instead of 1536 because the process launching the sandbox already uses that address space","ts":"2026-09-17T08:06:34.427134988Z"}
{"error":"there does not seem to be cgroups v1 in /sys/fs/cgroup (the memory controller is missing)","level":"warn","msg":"cgroups v1 not available: only POSIX limits are applied","ts":"2026-09-17T08:10:03.384943013Z"}
{"applied_mb":3198,"level":"warn","msg":"raising the sandbox memory limit","requested_mb":1536,"ts":"2026-09-17T08:10:03.384993939Z"}
{"cgroups":false,"chroot":false,"directory":"/home/madkoding/proyectos/starlight/internal/app/workspace/data","level":"info","limits":true,"msg":"sandbox ready","not_applied":"cgroups v1: there does not seem to be cgroups v1 in /sys/fs/cgroup (the memory controller is missing) | memory_mb: applying 3198 MB instead of 1536 because the process launching the sandbox already uses that address space","ts":"2026-09-17T08:10:03.385003739Z"}
{"error":"there does not seem to be cgroups v1 in /sys/fs/cgroup (the memory controller is missing)","level":"warn","msg":"cgroups v1 not available: only POSIX limits are applied","ts":"2026-09-17T08:10:33.198273127Z"}
{"applied_mb":3198,"level":"warn","msg":"raising the sandbox memory limit","requested_mb":1536,"ts":"2026-09-17T08:10:33.198328739Z"}
{"cgroups":false,"chroot":false,"directory":"/home/madkoding/proyectos/starlight/internal/app/workspace/data","level":"info","limits":true,"msg":"sandbox ready","not_applied":"cgroups v1: there does not seem to be cgroups v1 in /sys/fs/cgroup (the memory controller is missing) | memory_mb: applying 3198 MB instead of 1536 because the process launching the sandbox already uses that address space","ts":"2026-09-17T08:10:33.198341404Z"}
{"error":"there does not seem to be cgroups v1 in /sys/fs/cgroup (the memory controller is missing)","level":"warn","msg":"cgroups v1 not available: only POSIX limits are applied","ts":"2026-09-17T08:29:42.298252805Z"}
{"applied_mb":3198,"level":"warn","msg":"raising the sandbox memory limit","requested_mb":1536,"ts":"2026-09-17T08:29:42.298314353Z"}
{"cgroups":false,"chroot":false,"directory":"/home/madkoding/proyectos/starlight/internal/app/workspace/data","level":"info","limits":true,"msg":"sandbox ready","not_applied":"cgroups v1: there does not seem to be cgroups v1 in /sys/fs/cgroup (the memory controller is missing) | memory_mb: applying 3198 MB instead of 1536 because the process launching the sandbox already uses that address space","ts":"2026-09-17T08:29:42.298326723Z"}
{"error":"there does not seem to be cgroups v1 in /sys/fs/cgroup (the memory controller is missing)","level":"warn","msg":"cgroups v1 not available: only POSIX limits are applied","ts":"2026-09-17T05:29:55.105432246-03:00"}
{"applied_mb":3198,"level":"warn","msg":"raising the sandbox memory limit","requested_mb":1536,"ts":"2026-09-17T05:29:55.105493239-03:00"}
{"cgroups":false,"chroot":false,"directory":"/home/madkoding/proyectos/starlight/internal/app/workspace/data","level":"info","limits":true,"msg":"sandbox ready","not_applied":"cgroups v1: there does not seem to be cgroups v1 in /sys/fs/cgroup (the memory controller is missing) | memory_mb: applying 3198 MB instead of 1536 because the process launching the sandbox already uses that address space","ts":"2026-09-17T05:29:55.105504669-03:00"}
{"error":"there does not seem to be cgroups v1 in /sys/fs/cgroup (the memory controller is missing)","level":"warn","msg":"cgroups v1 not available: only POSIX limits are applied","ts":"2026-09-17T05:30:10.772261348-03:00"}
{"applied_mb":3198,"level":"warn","msg":"raising the sandbox memory limit","requested_mb":1536,"ts":"2026-09-17T05:30:10.772317199-03:00"}
{"cgroups":false,"chroot":false,"directory":"/home/madkoding/proyectos/starlight/internal/app/workspace/data","level":"info","limits":true,"msg":"sandbox ready","not_applied":"cgroups v1: there does not seem to be cgroups v1 in /sys/fs/cgroup (the memory controller is missing) | memory_mb: applying 3198 MB instead of 1536 because the process launching the sandbox already uses that address space","ts":"2026-09-17T05:30:10.772330025-03:00"}
{"error":"there does not seem to be cgroups v1 in /sys/fs/cgroup (the memory controller is missing)","level":"warn","msg":"cgroups v1 not available: only POSIX limits are applied","ts":"2026-09-17T05:30:26.214105803-03:00"}
{"applied_mb":3200,"level":"warn","msg":"raising the sandbox memory limit","requested_mb":1536,"ts":"2026-09-17T05:30:26.21416066-03:00"}
{"cgroups":false,"chroot":false,"directory":"/home/madkoding/proyectos/starlight/internal/app/workspace/data","level":"info","limits":true,"msg":"sandbox ready","not_applied":"cgroups v1: there does not seem to be cgroups v1 in /sys/fs/cgroup (the memory controller is missing) | memory_mb: applying 3200 MB instead of 1536 because the process launching the sandbox already uses that address space","ts":"2026-09-17T05:30:26.21417299-03:00"}
{"error":"there does not seem to be cgroups v1 in /sys/fs/cgroup (the memory controller is missing)","level":"warn","msg":"cgroups v1 not available: only POSIX limits are applied","ts":"2026-09-17T08:30:53.611193057Z"}
{"applied_mb":3198,"level":"warn","msg":"raising the sandbox memory limit","requested_mb":1536,"ts":"2026-09-17T08:30:53.611248018Z"}
{"cgroups":false,"chroot":false,"directory":"/home/madkoding/proyectos/starlight/internal/app/workspace/data","level":"info","limits":true,"msg":"sandbox ready","not_applied":"cgroups v1: there does not seem to be cgroups v1 in /sys/fs/cgroup (the memory controller is missing) | memory_mb: applying 3198 MB instead of 1536 because the process launching the sandbox already uses that address space","ts":"2026-09-17T08:30:53.611260629Z"}
{"error":"there does not seem to be cgroups v1 in /sys/fs/cgroup (the memory controller is missing)","level":"warn","msg":"cgroups v1 not available: only POSIX limits are applied","ts":"2026-09-17T08:36:34.919536081Z"}
{"applied_mb":3198,"level":"warn","msg":"raising the sandbox memory limit","requested_mb":1536,"ts":"2026-09-17T08:36:34.91959661Z"}
{"cgroups":false,"chroot":false,"directory":"/home/madkoding/proyectos/starlight/internal/app/workspace/data","level":"info","limits":true,"msg":"sandbox ready","not_applied":"cgroups v1: there does not seem to be cgroups v1 in /sys/fs/cgroup (the memory controller is missing) | memory_mb: applying 3198 MB instead of 1536 because the process launching the sandbox already uses that address space","ts":"2026-09-17T08:36:34.919609519Z"}
{"error":"there does not seem to be cgroups v1 in /sys/fs/cgroup (the memory controller is missing)","level":"warn","msg":"cgroups v1 not available: only POSIX limits are applied","ts":"2026-09-17T08:41:37.091314814Z"}
{"applied_mb":3198,"level":"warn","msg":"raising the sandbox memory limit","requested_mb":1536,"ts":"2026-09-17T08:41:37.091421748Z"}
{"cgroups":false,"chroot":false,"directory":"/home/madkoding/proyectos/starlight/internal/app/workspace/data","level":"info","limits":true,"msg":"sandbox ready","not_applied":"cgroups v1: there does not seem to be cgroups v1 in /sys/fs/cgroup (the memory controller is missing) | memory_mb: applying 3198 MB instead of 1536 because the process launching the sandbox already uses that address space","ts":"2026-09-17T08:41:37.091450164Z"}
{"error":"there does not seem to be cgroups v1 in /sys/fs/cgroup (the memory controller is missing)","level":"warn","msg":"cgroups v1 not available: only POSIX limits are applied","ts":"2026-09-17T05:42:00.022082055-03:00"}
{"applied_mb":3198,"level":"warn","msg":"raising the sandbox memory limit","requested_mb":1536,"ts":"2026-09-17T05:42:00.022145624-03:00"}
{"cgroups":false,"chroot":false,"directory":"/home/madkoding/proyectos/starlight/internal/app/workspace/data","level":"info","limits":true,"msg":"sandbox ready","not_applied":"cgroups v1: there does not seem to be cgroups v1 in /sys/fs/cgroup (the memory controller is missing) | memory_mb: applying 3198 MB instead of 1536 because the process launching the sandbox already uses that address space","ts":"2026-09-17T05:42:00.022156023-03:00"}
{"error":"there does not seem to be cgroups v1 in /sys/fs/cgroup (the memory controller is missing)","level":"warn","msg":"cgroups v1 not available: only POSIX limits are applied","ts":"2026-09-17T05:42:13.521141546-03:00"}
{"applied_mb":3198,"level":"warn","msg":"raising the sandbox memory limit","requested_mb":1536,"ts":"2026-09-17T05:42:13.521212275-03:00"}
{"cgroups":false,"chroot":false,"directory":"/home/madkoding/proyectos/starlight/internal/app/workspace/data","level":"info","limits":true,"msg":"sandbox ready","not_applied":"cgroups v1: there does not seem to be cgroups v1 in /sys/fs/cgroup (the memory controller is missing) | memory_mb: applying 3198 MB instead of 1536 because the process launching the sandbox already uses that address space","ts":"2026-09-17T05:42:13.521225125-03:00"}
{"error":"there does not seem to be cgroups v1 in /sys/fs/cgroup (the memory controller is missing)","level":"warn","msg":"cgroups v1 not available: only POSIX limits are applied","ts":"2026-09-17T05:42:30.183849971-03:00"}
{"applied_mb":3198,"level":"warn","msg":"raising the sandbox memory limit","requested_mb":1536,"ts":"2026-09-17T05:42:30.183913273-03:00"}
{"cgroups":false,"chroot":false,"directory":"/home/madkoding/proyectos/starlight/internal/app/workspace/data","level":"info","limits":true,"msg":"sandbox ready","not_applied":"cgroups v1: there does not seem to be cgroups v1 in /sys/fs/cgroup (the memory controller is missing) | memory_mb: applying 3198 MB instead of 1536 because the process launching the sandbox already uses that address space","ts":"2026-09-17T05:42:30.183925077-03:00"}
{"error":"there does not seem to be cgroups v1 in /sys/fs/cgroup (the memory controller is missing)","level":"warn","msg":"cgroups v1 not available: only POSIX limits are applied","ts":"2026-09-17T05:42:49.151781732-03:00"}
{"applied_mb":3198,"level":"warn","msg":"raising the sandbox memory limit","requested_mb":1536,"ts":"2026-09-17T05:42:49.151869975-03:00"}
{"cgroups":false,"chroot":false,"directory":"/home/madkoding/proyectos/starlight/internal/app/workspace/data","level":"info","limits":true,"msg":"sandbox ready","not_applied":"cgroups v1: there does not seem to be cgroups v1 in /sys/fs/cgroup (the memory controller is missing) | memory_mb: applying 3198 MB instead of 1536 because the process launching the sandbox already uses that address space","ts":"2026-09-17T05:42:49.151885532-03:00"}
{"error":"there does not seem to be cgroups v1 in /sys/fs/cgroup (the memory controller is missing)","level":"warn","msg":"cgroups v1 not available: only POSIX limits are applied","ts":"2026-09-17T08:45:28.539483933Z"}
{"applied_mb":3342,"level":"warn","msg":"raising the sandbox memory limit","requested_mb":1536,"ts":"2026-09-17T08:45:28.539539372Z"}
{"cgroups":false,"chroot":false,"directory":"/home/madkoding/proyectos/starlight/internal/app/workspace/data","level":"info","limits":true,"msg":"sandbox ready","not_applied":"cgroups v1: there does not seem to be cgroups v1 in /sys/fs/cgroup (the memory controller is missing) | memory_mb: applying 3342 MB instead of 1536 because the process launching the sandbox already uses that address space","ts":"2026-09-17T08:45:28.539555058Z"}
{"error":"there does not seem to be cgroups v1 in /sys/fs/cgroup (the memory controller is missing)","level":"warn","msg":"cgroups v1 not available: only POSIX limits are applied","ts":"2026-09-17T08:45:50.777612175Z"}
{"applied_mb":3198,"level":"warn","msg":"raising the sandbox memory limit","requested_mb":1536,"ts":"2026-09-17T08:45:50.777669033Z"}
{"cgroups":false,"chroot":false,"directory":"/home/madkoding/proyectos/starlight/internal/app/workspace/data","level":"info","limits":true,"msg":"sandbox ready","not_applied":"cgroups v1: there does not seem to be cgroups v1 in /sys/fs/cgroup (the memory controller is missing) | memory_mb: applying 3198 MB instead of 1536 because the process launching the sandbox already uses that address space","ts":"2026-09-17T08:45:50.777680448Z"}
{"error":"there does not seem to be cgroups v1 in /sys/fs/cgroup (the memory controller is missing)","level":"warn","msg":"cgroups v1 not available: only POSIX limits are applied","ts":"2026-09-17T09:02:54.969805615Z"}
{"applied_mb":3836,"level":"warn","msg":"raising the sandbox memory limit","requested_mb":1536,"ts":"2026-09-17T09:02:54.969975796Z"}
{"cgroups":false,"chroot":false,"directory":"/home/madkoding/proyectos/starlight/internal/app/workspace/data","level":"info","limits":true,"msg":"sandbox ready","not_applied":"cgroups v1: there does not seem to be cgroups v1 in /sys/fs/cgroup (the memory controller is missing) | memory_mb: applying 3836 MB instead of 1536 because the process launching the sandbox already uses that address space","ts":"2026-09-17T09:02:54.970058718Z"}
{"error":"there does not seem to be cgroups v1 in /sys/fs/cgroup (the memory controller is missing)","level":"warn","msg":"cgroups v1 not available: only POSIX limits are applied","ts":"2026-09-17T09:03:12.18396378Z"}
{"applied_mb":3954,"level":"warn","msg":"raising the sandbox memory limit","requested_mb":1536,"ts":"2026-09-17T09:03:12.184230238Z"}
{"cgroups":false,"chroot":false,"directory":"/home/madkoding/proyectos/starlight/internal/app/workspace/data","level":"info","limits":true,"msg":"sandbox ready","not_applied":"cgroups v1: there does not seem to be cgroups v1 in /sys/fs/cgroup (the memory controller is missing) | memory_mb: applying 3954 MB instead of 1536 because the process launching the sandbox already uses that address space","ts":"2026-09-17T09:03:12.184344689Z"}
{"error":"there does not seem to be cgroups v1 in /sys/fs/cgroup (the memory controller is missing)","level":"warn","msg":"cgroups v1 not available: only POSIX limits are applied","ts":"2026-09-17T09:03:40.707399192Z"}
{"applied_mb":3980,"level":"warn","msg":"raising the sandbox memory limit","requested_mb":1536,"ts":"2026-09-17T09:03:40.70761274Z"}
{"cgroups":false,"chroot":false,"directory":"/home/madkoding/proyectos/starlight/internal/app/workspace/data","level":"info","limits":true,"msg":"sandbox ready","not_applied":"cgroups v1: there does not seem to be cgroups v1 in /sys/fs/cgroup (the memory controller is missing) | memory_mb: applying 3980 MB instead of 1536 because the process launching the sandbox already uses that address space","ts":"2026-09-17T09:03:40.707705714Z"}
{"error":"there does not seem to be cgroups v1 in /sys/fs/cgroup (the memory controller is missing)","level":"warn","msg":"cgroups v1 not available: only POSIX limits are applied","ts":"2026-09-17T09:05:20.422705394Z"}
{"applied_mb":3198,"level":"warn","msg":"raising the sandbox memory limit","requested_mb":1536,"ts":"2026-09-17T09:05:20.422762832Z"}
{"cgroups":false,"chroot":false,"directory":"/home/madkoding/proyectos/starlight/internal/app/workspace/data","level":"info","limits":true,"msg":"sandbox ready","not_applied":"cgroups v1: there does not seem to be cgroups v1 in /sys/fs/cgroup (the memory controller is missing) | memory_mb: applying 3198 MB instead of 1536 because the process launching the sandbox already uses that address space","ts":"2026-09-17T09:05:20.422775598Z"}
{"error":"there does not seem to be cgroups v1 in /sys/fs/cgroup (the memory controller is missing)","level":"warn","msg":"cgroups v1 not available: only POSIX limits are applied","ts":"2026-09-17T09:05:44.991094548Z"}
{"applied_mb":3198,"level":"warn","msg":"raising the sandbox memory limit","requested_mb":1536,"ts":"2026-09-17T09:05:44.991168864Z"}
{"cgroups":false,"chroot":false,"directory":"/home/madkoding/proyectos/starlight/internal/app/workspace/data","level":"info","limits":true,"msg":"sandbox ready","not_applied":"cgroups v1: there does not seem to be cgroups v1 in /sys/fs/cgroup (the memory controller is missing) | memory_mb: applying 3198 MB instead of 1536 because the process launching the sandbox already uses that address space","ts":"2026-09-17T09:05:44.991181218Z"}
{"error":"there does not seem to be cgroups v1 in /sys/fs/cgroup (the memory controller is missing)","level":"warn","msg":"cgroups v1 not available: only POSIX limits are applied","ts":"2026-09-17T09:06:33.690656924Z"}
{"applied_mb":3954,"level":"warn","msg":"raising the sandbox memory limit","requested_mb":1536,"ts":"2026-09-17T09:06:33.690862142Z"}
{"cgroups":false,"chroot":false,"directory":"/home/madkoding/proyectos/starlight/internal/app/workspace/data","level":"info","limits":true,"msg":"sandbox ready","not_applied":"cgroups v1: there does not seem to be cgroups v1 in /sys/fs/cgroup (the memory controller is missing) | memory_mb: applying 3954 MB instead of 1536 because the process launching the sandbox already uses that address space","ts":"2026-09-17T09:06:33.690952012Z"}
{"error":"there does not seem to be cgroups v1 in /sys/fs/cgroup (the memory controller is missing)","level":"warn","msg":"cgroups v1 not available: only POSIX limits are applied","ts":"2026-09-17T09:06:50.064923559Z"}
{"applied_mb":3198,"level":"warn","msg":"raising the sandbox memory limit","requested_mb":1536,"ts":"2026-09-17T09:06:50.064981221Z"}
{"cgroups":false,"chroot":false,"directory":"/home/madkoding/proyectos/starlight/internal/app/workspace/data","level":"info","limits":true,"msg":"sandbox ready","not_applied":"cgroups v1: there does not seem to be cgroups v1 in /sys/fs/cgroup (the memory controller is missing) | memory_mb: applying 3198 MB instead of 1536 because the process launching the sandbox already uses that address space","ts":"2026-09-17T09:06:50.064993811Z"}
{"error":"there does not seem to be cgroups v1 in /sys/fs/cgroup (the memory controller is missing)","level":"warn","msg":"cgroups v1 not available: only POSIX limits are applied","ts":"2026-09-17T09:07:21.022135169Z"}
{"applied_mb":3836,"level":"warn","msg":"raising the sandbox memory limit","requested_mb":1536,"ts":"2026-09-17T09:07:21.022349345Z"}
{"cgroups":false,"chroot":false,"directory":"/home/madkoding/proyectos/starlight/internal/app/workspace/data","level":"info","limits":true,"msg":"sandbox ready","not_applied":"cgroups v1: there does not seem to be cgroups v1 in /sys/fs/cgroup (the memory controller is missing) | memory_mb: applying 3836 MB instead of 1536 because the process launching the sandbox already uses that address space","ts":"2026-09-17T09:07:21.022431775Z"}
{"error":"there does not seem to be cgroups v1 in /sys/fs/cgroup (the memory controller is missing)","level":"warn","msg":"cgroups v1 not available: only POSIX limits are applied","ts":"2026-09-17T09:09:05.171958474Z"}
{"applied_mb":3198,"level":"warn","msg":"raising the sandbox memory limit","requested_mb":1536,"ts":"2026-09-17T09:09:05.172014987Z"}
{"cgroups":false,"chroot":false,"directory":"/home/madkoding/proyectos/starlight/internal/app/workspace/data","level":"info","limits":true,"msg":"sandbox ready","not_applied":"cgroups v1: there does not seem to be cgroups v1 in /sys/fs/cgroup (the memory controller is missing) | memory_mb: applying 3198 MB instead of 1536 because the process launching the sandbox already uses that address space","ts":"2026-09-17T09:09:05.172027603Z"}
{"error":"there does not seem to be cgroups v1 in /sys/fs/cgroup (the memory controller is missing)","level":"warn","msg":"cgroups v1 not available: only POSIX limits are applied","ts":"2026-09-17T09:09:25.416735555Z"}
{"applied_mb":3198,"level":"warn","msg":"raising the sandbox memory limit","requested_mb":1536,"ts":"2026-09-17T09:09:25.416788701Z"}
{"cgroups":false,"chroot":false,"directory":"/home/madkoding/proyectos/starlight/internal/app/workspace/data","level":"info","limits":true,"msg":"sandbox ready","not_applied":"cgroups v1: there does not seem to be cgroups v1 in /sys/fs/cgroup (the memory controller is missing) | memory_mb: applying 3198 MB instead of 1536 because the process launching the sandbox already uses that address space","ts":"2026-09-17T09:09:25.416799751Z"}
{"error":"there does not seem to be cgroups v1 in /sys/fs/cgroup (the memory controller is missing)","level":"warn","msg":"cgroups v1 not available: only POSIX limits are applied","ts":"2026-09-17T09:10:38.199002187Z"}
{"applied_mb":3198,"level":"warn","msg":"raising the sandbox memory limit","requested_mb":1536,"ts":"2026-09-17T09:10:38.199059148Z"}
{"cgroups":false,"chroot":false,"directory":"/home/madkoding/proyectos/starlight/internal/app/workspace/data","level":"info","limits":true,"msg":"sandbox ready","not_applied":"cgroups v1: there does not seem to be cgroups v1 in /sys/fs/cgroup (the memory controller is missing) | memory_mb: applying 3198 MB instead of 1536 because the process launching the sandbox already uses that address space","ts":"2026-09-17T09:10:38.19907221Z"}
{"error":"there does not seem to be cgroups v1 in /sys/fs/cgroup (the memory controller is missing)","level":"warn","msg":"cgroups v1 not available: only POSIX limits are applied","ts":"2026-09-17T09:11:05.494105204Z"}
{"applied_mb":3954,"level":"warn","msg":"raising the sandbox memory limit","requested_mb":1536,"ts":"2026-09-17T09:11:05.494278464Z"}
{"cgroups":false,"chroot":false,"directory":"/home/madkoding/proyectos/starlight/internal/app/workspace/data","level":"info","limits":true,"msg":"sandbox ready","not_applied":"cgroups v1: there does not seem to be cgroups v1 in /sys/fs/cgroup (the memory controller is missing) | memory_mb: applying 3954 MB instead of 1536 because the process launching the sandbox already uses that address space","ts":"2026-09-17T09:11:05.494352702Z"}
{"error":"there does not seem to be cgroups v1 in /sys/fs/cgroup (the memory controller is missing)","level":"warn","msg":"cgroups v1 not available: only POSIX limits are applied","ts":"2026-09-17T09:11:22.758844478Z"}
{"applied_mb":3198,"level":"warn","msg":"raising the sandbox memory limit","requested_mb":1536,"ts":"2026-09-17T09:11:22.758898509Z"}
{"cgroups":false,"chroot":false,"directory":"/home/madkoding/proyectos/starlight/internal/app/workspace/data","level":"info","limits":true,"msg":"sandbox ready","not_applied":"cgroups v1: there does not seem to be cgroups v1 in /sys/fs/cgroup (the memory controller is missing) | memory_mb: applying 3198 MB instead of 1536 because the process launching the sandbox already uses that address space","ts":"2026-09-17T09:11:22.758910614Z"}
{"error":"there does not seem to be cgroups v1 in /sys/fs/cgroup (the memory controller is missing)","level":"warn","msg":"cgroups v1 not available: only POSIX limits are applied","ts":"2026-09-17T09:11:42.158199569Z"}
{"applied_mb":3198,"level":"warn","msg":"raising the sandbox memory limit","requested_mb":1536,"ts":"2026-09-17T09:11:42.15825081Z"}
{"cgroups":false,"chroot":false,"directory":"/home/madkoding/proyectos/starlight/internal/app/workspace/data","level":"info","limits":true,"msg":"sandbox ready","not_applied":"cgroups v1: there does not seem to be cgroups v1 in /sys/fs/cgroup (the memory controller is missing) | memory_mb: applying 3198 MB instead of 1536 because the process launching the sandbox already uses that address space","ts":"2026-09-17T09:11:42.158263068Z"}
{"error":"there does not seem to be cgroups v1 in /sys/fs/cgroup (the memory controller is missing)","level":"warn","msg":"cgroups v1 not available: only POSIX limits are applied","ts":"2026-09-17T09:13:01.674712353Z"}
{"applied_mb":4098,"level":"warn","msg":"raising the sandbox memory limit","requested_mb":1536,"ts":"2026-09-17T09:13:01.674908556Z"}
{"cgroups":false,"chroot":false,"directory":"/home/madkoding/proyectos/starlight/internal/app/workspace/data","level":"info","limits":true,"msg":"sandbox ready","not_applied":"cgroups v1: there does not seem to be cgroups v1 in /sys/fs/cgroup (the memory controller is missing) | memory_mb: applying 4098 MB instead of 1536 because the process launching the sandbox already uses that address space","ts":"2026-09-17T09:13:01.675002644Z"}
{"error":"there does not seem to be cgroups v1 in /sys/fs/cgroup (the memory controller is missing)","level":"warn","msg":"cgroups v1 not available: only POSIX limits are applied","ts":"2026-09-17T09:13:20.445983215Z"}
{"applied_mb":3198,"level":"warn","msg":"raising the sandbox memory limit","requested_mb":1536,"ts":"2026-09-17T09:13:20.446044651Z"}
{"cgroups":false,"chroot":false,"directory":"/home/madkoding/proyectos/starlight/internal/app/workspace/data","level":"info","limits":true,"msg":"sandbox ready","not_applied":"cgroups v1: there does not seem to be cgroups v1 in /sys/fs/cgroup (the memory controller is missing) | memory_mb: applying 3198 MB instead of 1536 because the process launching the sandbox already uses that address space","ts":"2026-09-17T09:13:20.446058293Z"}
{"error":"there does not seem to be cgroups v1 in /sys/fs/cgroup (the memory controller is missing)","level":"warn","msg":"cgroups v1 not available: only POSIX limits are applied","ts":"2026-09-17T09:13:39.511766788Z"}
{"applied_mb":3198,"level":"warn","msg":"raising the sandbox memory limit","requested_mb":1536,"ts":"2026-09-17T09:13:39.511831263Z"}
{"cgroups":false,"chroot":false,"directory":"/home/madkoding/proyectos/starlight/internal/app/workspace/data","level":"info","limits":true,"msg":"sandbox ready","not_applied":"cgroups v1: there does not seem to be cgroups v1 in /sys/fs/cgroup (the memory controller is missing) | memory_mb: applying 3198 MB instead of 1536 because the process launching the sandbox already uses that address space","ts":"2026-09-17T09:13:39.511844102Z"}
{"error":"there does not seem to be cgroups v1 in /sys/fs/cgroup (the memory controller is missing)","level":"warn","msg":"cgroups v1 not available: only POSIX limits are applied","ts":"2026-09-17T09:18:50.242886877Z"}
{"applied_mb":3326,"level":"warn","msg":"raising the sandbox memory limit","requested_mb":1536,"ts":"2026-09-17T09:18:50.242943656Z"}
{"cgroups":false,"chroot":false,"directory":"/home/madkoding/proyectos/starlight/internal/app/workspace/data","level":"info","limits":true,"msg":"sandbox ready","not_applied":"cgroups v1: there does not seem to be cgroups v1 in /sys/fs/cgroup (the memory controller is missing) | memory_mb: applying 3326 MB instead of 1536 because the process launching the sandbox already uses that address space","ts":"2026-09-17T09:18:50.242955336Z"}
{"error":"there does not seem to be cgroups v1 in /sys/fs/cgroup (the memory controller is missing)","level":"warn","msg":"cgroups v1 not available: only POSIX limits are applied","ts":"2026-09-17T09:19:10.789512905Z"}
{"applied_mb":3198,"level":"warn","msg":"raising the sandbox memory limit","requested_mb":1536,"ts":"2026-09-17T09:19:10.789569587Z"}
{"cgroups":false,"chroot":false,"directory":"/home/madkoding/proyectos/starlight/internal/app/workspace/data","level":"info","limits":true,"msg":"sandbox ready","not_applied":"cgroups v1: there does not seem to be cgroups v1 in /sys/fs/cgroup (the memory controller is missing) | memory_mb: applying 3198 MB instead of 1536 because the process launching the sandbox already uses that address space","ts":"2026-09-17T09:19:10.789581368Z"}
{"error":"there does not seem to be cgroups v1 in /sys/fs/cgroup (the memory controller is missing)","level":"warn","msg":"cgroups v1 not available: only POSIX limits are applied","ts":"2026-09-17T09:19:35.805136217Z"}
{"applied_mb":3836,"level":"warn","msg":"raising the sandbox memory limit","requested_mb":1536,"ts":"2026-09-17T09:19:35.805288967Z"}
{"cgroups":false,"chroot":false,"directory":"/home/madkoding/proyectos/starlight/internal/app/workspace/data","level":"info","limits":true,"msg":"sandbox ready","not_applied":"cgroups v1: there does not seem to be cgroups v1 in /sys/fs/cgroup (the memory controller is missing) | memory_mb: applying 3836 MB instead of 1536 because the process launching the sandbox already uses that address space","ts":"2026-09-17T09:19:35.805351952Z"}
{"error":"there does not seem to be cgroups v1 in /sys/fs/cgroup (the memory controller is missing)","level":"warn","msg":"cgroups v1 not available: only POSIX limits are applied","ts":"2026-09-17T09:19:53.933611349Z"}
{"applied_mb":3326,"level":"warn","msg":"raising the sandbox memory limit","requested_mb":1536,"ts":"2026-09-17T09:19:53.933678353Z"}
{"cgroups":false,"chroot":false,"directory":"/home/madkoding/proyectos/starlight/internal/app/workspace/data","level":"info","limits":true,"msg":"sandbox ready","not_applied":"cgroups v1: there does not seem to be cgroups v1 in /sys/fs/cgroup (the memory controller is missing) | memory_mb: applying 3326 MB instead of 1536 because the process launching the sandbox already uses that address space","ts":"2026-09-17T09:19:53.933689449Z"}
{"error":"there does not seem to be cgroups v1 in /sys/fs/cgroup (the memory controller is missing)","level":"warn","msg":"cgroups v1 not available: only POSIX limits are applied","ts":"2026-09-17T09:20:12.693957653Z"}
{"applied_mb":3198,"level":"warn","msg":"raising the sandbox memory limit","requested_mb":1536,"ts":"2026-09-17T09:20:12.694013314Z"}
{"cgroups":false,"chroot":false,"directory":"/home/madkoding/proyectos/starlight/internal/app/workspace/data","level":"info","limits":true,"msg":"sandbox ready","not_applied":"cgroups v1: there does not seem to be cgroups v1 in /sys/fs/cgroup (the memory controller is missing) | memory_mb: applying 3198 MB instead of 1536 because the process launching the sandbox already uses that address space","ts":"2026-09-17T09:20:12.694026278Z"}
